 PhysXCooking_64

 Timestamp is 6700584b (Fri Oct  4 14:04:11 2024)

 Preferred load address is 0000000180000000

 Start         Length     Name                   Class
 0001:00000000 00000120H .text$di                CODE
 0001:00000120 00006200H .text$mn                CODE
 0001:00006320 00000040H .text$mn$00             CODE
 0001:00006360 00000110H .text$x                 CODE
 0002:00000000 00000220H .idata$5                DATA
 0002:00000220 00000038H .00cfg                  DATA
 0002:00000258 00000008H .CRT$XCA                DATA
 0002:00000260 00000030H .CRT$XCU                DATA
 0002:00000290 00000008H .CRT$XCZ                DATA
 0002:00000298 00000008H .CRT$XIA                DATA
 0002:000002a0 00000008H .CRT$XIZ                DATA
 0002:000002a8 00000008H .CRT$XPA                DATA
 0002:000002b0 00000008H .CRT$XPZ                DATA
 0002:000002b8 00000008H .CRT$XTA                DATA
 0002:000002c0 00000010H .CRT$XTZ                DATA
 0002:000002c8 00000000H .gehcont$y              DATA
 0002:000002c8 00000000H .gfids$y                DATA
 0002:000002d0 00000db0H .rdata                  DATA
 0002:00001080 00000080H .rdata$CastGuardVftablesA DATA
 0002:00001100 00000080H .rdata$CastGuardVftablesC DATA
 0002:00001180 00000074H .rdata$r                DATA
 0002:000011f4 000000e8H .rdata$voltmd           DATA
 0002:000012dc 00000424H .rdata$zzzdbg           DATA
 0002:00001700 00000008H .rtc$IAA                DATA
 0002:00001708 00000010H .rtc$IMZ                DATA
 0002:00001718 00000008H .rtc$IZZ                DATA
 0002:00001720 00000008H .rtc$TAA                DATA
 0002:00001728 00000010H .rtc$TMZ                DATA
 0002:00001738 00000008H .rtc$TZZ                DATA
 0002:00001740 00000834H .xdata                  DATA
 0002:00001f74 00000040H .didat$2                DATA
 0002:00001fb4 00000024H .didat$3                DATA
 0002:00001fd8 000000e0H .didat$4                DATA
 0002:000020b8 000002a8H .didat$6                DATA
 0002:00002360 00000200H .didat$7                DATA
 0002:00002560 00000b04H .edata                  DATA
 0002:00003064 0000003cH .idata$2                DATA
 0002:000030a0 00000018H .idata$3                DATA
 0002:000030b8 00000220H .idata$4                DATA
 0002:000032d8 00000542H .idata$6                DATA
 0003:00000000 000000d8H .data                   DATA
 0003:000000d8 00000090H .data$r                 DATA
 0003:00000168 00000020H .data$rs                DATA
 0003:00000188 000000e8H .didat$5                DATA
 0003:00000270 000006d8H .bss                    DATA
 0004:00000000 00000978H .pdata                  DATA
 0005:00000000 000000a0H .rsrc$01                DATA
 0005:000000a0 000004b0H .rsrc$02                DATA

  Address         Publics by Value              Rva+Base               Lib:Object

 0000:00000000       __AbsoluteZero             0000000000000000     <absolute>
 0000:00000000       ___safe_se_handler_count   0000000000000000     <absolute>
 0000:00000000       ___safe_se_handler_table   0000000000000000     <absolute>
 0000:00000000       __arm64x_extra_rfe_table   0000000000000000     <absolute>
 0000:00000000       __arm64x_extra_rfe_table_size 0000000000000000     <absolute>
 0000:00000000       __arm64x_native_entrypoint 0000000000000000     <absolute>
 0000:00000000       __arm64x_redirection_metadata 0000000000000000     <absolute>
 0000:00000000       __arm64x_redirection_metadata_count 0000000000000000     <absolute>
 0000:00000000       __dynamic_value_reloc_table 0000000000000000     <absolute>
 0000:00000000       __enclave_config           0000000000000000     <absolute>
 0000:00000000       __guard_check_icall_a64n_fptr 0000000000000000     <absolute>
 0000:00000000       __guard_eh_cont_count      0000000000000000     <absolute>
 0000:00000000       __guard_eh_cont_table      0000000000000000     <absolute>
 0000:00000000       __guard_fids_count         0000000000000000     <absolute>
 0000:00000000       __guard_fids_table         0000000000000000     <absolute>
 0000:00000000       __guard_iat_count          0000000000000000     <absolute>
 0000:00000000       __guard_iat_table          0000000000000000     <absolute>
 0000:00000000       __guard_longjmp_count      0000000000000000     <absolute>
 0000:00000000       __guard_longjmp_table      0000000000000000     <absolute>
 0000:00000000       __hybrid_auxiliary_delayload_iat 0000000000000000     <absolute>
 0000:00000000       __hybrid_auxiliary_delayload_iat_copy 0000000000000000     <absolute>
 0000:00000000       __hybrid_auxiliary_iat     0000000000000000     <absolute>
 0000:00000000       __hybrid_auxiliary_iat_copy 0000000000000000     <absolute>
 0000:00000000       __hybrid_code_map          0000000000000000     <absolute>
 0000:00000000       __hybrid_code_map_count    0000000000000000     <absolute>
 0000:00000000       __hybrid_image_info_bitfield 0000000000000000     <absolute>
 0000:00000000       __x64_code_ranges_to_entry_points 0000000000000000     <absolute>
 0000:00000000       __x64_code_ranges_to_entry_points_count 0000000000000000     <absolute>
 0000:00000100       __guard_flags              0000000000000100     <absolute>
 0000:00000000       __ImageBase                0000000180000000     <linker-defined>
 0001:00000120       PxGetStandaloneInsertionCallback 0000000180001120 f   Cooking.obj
 0001:00000140       PxCookBVH                  0000000180001140 f   Cooking.obj
 0001:00000170       PxCreateBVH                0000000180001170 f   Cooking.obj
 0001:000001a0       PxCookHeightField          00000001800011a0 f   Cooking.obj
 0001:000001d0       PxCreateHeightField        00000001800011d0 f   Cooking.obj
 0001:00000200       PxCookConvexMesh           0000000180001200 f   Cooking.obj
 0001:00000240       PxCreateConvexMesh         0000000180001240 f   Cooking.obj
 0001:00000280       PxValidateConvexMesh       0000000180001280 f   Cooking.obj
 0001:000002b0       PxComputeHullPolygons      00000001800012b0 f   Cooking.obj
 0001:00000330       PxValidateTriangleMesh     0000000180001330 f   Cooking.obj
 0001:00000360       PxCookTriangleMesh         0000000180001360 f   Cooking.obj
 0001:000003a0       PxCreateTriangleMesh       00000001800013a0 f   Cooking.obj
 0001:000003e0       PxCookTetrahedronMesh      00000001800013e0 f   Cooking.obj
 0001:00000420       PxCreateTetrahedronMesh    0000000180001420 f   Cooking.obj
 0001:00000460       PxCookSoftBodyMesh         0000000180001460 f   Cooking.obj
 0001:000004b0       PxCreateSoftBodyMesh       00000001800014b0 f   Cooking.obj
 0001:00000500       PxComputeModelsMapping     0000000180001500 f   Cooking.obj
 0001:00000550       PxComputeCollisionData     0000000180001550 f   Cooking.obj
 0001:00000580       PxComputeSimulationData    0000000180001580 f   Cooking.obj
 0001:000005b0       PxAssembleSoftBodyMesh     00000001800015b0 f   Cooking.obj
 0001:00000600       PxAssembleSoftBodyMesh_Sim 0000000180001600 f   Cooking.obj
 0001:00000640       PxCreateTriangleMeshInternal 0000000180001640 f   Cooking.obj
 0001:000006e0       PxCreateBVHInternal        00000001800016e0 f   Cooking.obj
 0001:00000780       ??$?4V?$PxReflectionAllocator@USlab@NodeAllocator@Gu@physx@@@physx@@@?$PxArray@USlab@NodeAllocator@Gu@physx@@V?$PxReflectionAllocator@USlab@NodeAllocator@Gu@physx@@@4@@physx@@QEAAAEAV01@AEBV01@@Z 0000000180001780 f i Cooking.obj
 0001:00000810       ??$PX_UNUSED@PEAI@@YAXAEBQEAI@Z 0000000180001810 f i Cooking.obj
 0001:00000820       ??$copy@V?$PxReflectionAllocator@USlab@NodeAllocator@Gu@physx@@@physx@@@?$PxArray@USlab@NodeAllocator@Gu@physx@@V?$PxReflectionAllocator@USlab@NodeAllocator@Gu@physx@@@4@@physx@@IEAAXAEBV01@@Z 0000000180001820 f i Cooking.obj
 0001:000008e0       ??0?$PxArray@USlab@NodeAllocator@Gu@physx@@V?$PxReflectionAllocator@USlab@NodeAllocator@Gu@physx@@@4@@physx@@QEAA@AEBV01@AEBV?$PxReflectionAllocator@USlab@NodeAllocator@Gu@physx@@@1@@Z 00000001800018e0 f i Cooking.obj
 0001:00000920       ??0?$PxReflectionAllocator@USlab@NodeAllocator@Gu@physx@@@physx@@QEAA@AEBV01@@Z 0000000180001920 f i Cooking.obj
 0001:00000930       ??0?$PxReflectionAllocator@USlab@NodeAllocator@Gu@physx@@@physx@@QEAA@PEBD@Z 0000000180001930 f i Cooking.obj
 0001:00000940       ??0?$PxReflectionAllocator@VBV4TriangleMesh@Gu@physx@@@physx@@QEAA@PEBD@Z 0000000180001940 f i Cooking.obj
 0001:00000950       ??0?$PxReflectionAllocator@VBVH@Gu@physx@@@physx@@QEAA@PEBD@Z 0000000180001950 f i Cooking.obj
 0001:00000960       ??0?$PxVec3T@M@physx@@QEAA@XZ 0000000180001960 f i Cooking.obj
 0001:00000970       ??0AABBTreeBounds@Gu@physx@@QEAA@XZ 0000000180001970 f i Cooking.obj
 0001:000009a0       ??0AABBTreeBuildNode@Gu@physx@@QEAA@AEBV012@@Z 00000001800019a0 f i Cooking.obj
 0001:00000a00       ??0AABBTreeBuildNode@Gu@physx@@QEAA@XZ 0000000180001a00 f i Cooking.obj
 0001:00000a30       ??0AABBTreeBuildParams@Gu@physx@@QEAA@IIPEBVAABBTreeBounds@12@W4BVHBuildStrategy@12@@Z 0000000180001a30 f i Cooking.obj
 0001:00000a90       ??0NodeAllocator@Gu@physx@@QEAA@AEBV012@@Z 0000000180001a90 f i Cooking.obj
 0001:00000b10       ??0PxAllocator@physx@@QEAA@PEBD@Z 0000000180001b10 f i Cooking.obj
 0001:00000b20       ??0PxBounds3@physx@@QEAA@AEBV01@@Z 0000000180001b20 f i Cooking.obj
 0001:00000b90       ??0PxBounds3@physx@@QEAA@XZ 0000000180001b90 f i Cooking.obj
 0001:00000bd0       ??0PxFoundation@physx@@QEAA@AEBV01@@Z 0000000180001bd0 f i Cooking.obj
 0001:00000bf0       ??0PxFoundation@physx@@QEAA@XZ 0000000180001bf0 f i Cooking.obj
 0001:00000c10       ??1AABBTreeBounds@Gu@physx@@QEAA@XZ 0000000180001c10 f i Cooking.obj
 0001:00000c30       ??1AABBTreeBuildNode@Gu@physx@@QEAA@XZ 0000000180001c30 f i Cooking.obj
 0001:00000c40       ??1AABBTreeBuildParams@Gu@physx@@QEAA@XZ 0000000180001c40 f i Cooking.obj
 0001:00000c60       ??1PxFoundation@physx@@MEAA@XZ 0000000180001c60 f i Cooking.obj
 0001:00000c80       ??2@YAPEAX_KPEAX@Z         0000000180001c80 f i Cooking.obj
 0001:00000c90       ??2PxUserAllocated@physx@@SAPEAX_KPEAX@Z 0000000180001c90 f i Cooking.obj
 0001:00000ca0       ??4?$PxArray@USlab@NodeAllocator@Gu@physx@@V?$PxReflectionAllocator@USlab@NodeAllocator@Gu@physx@@@4@@physx@@QEAAAEAV01@AEBV01@@Z 0000000180001ca0 f i Cooking.obj
 0001:00000cd0       ??4?$PxVec3T@M@physx@@QEAAAEAV01@AEBV01@@Z 0000000180001cd0 f i Cooking.obj
 0001:00000d20       ??4AABBTreeBounds@Gu@physx@@QEAAAEAV012@AEBV012@@Z 0000000180001d20 f i Cooking.obj
 0001:00000d50       ??4AABBTreeBuildNode@Gu@physx@@QEAAAEAV012@AEBV012@@Z 0000000180001d50 f i Cooking.obj
 0001:00000db0       ??4AABBTreeBuildParams@Gu@physx@@QEAAAEAV012@AEBV012@@Z 0000000180001db0 f i Cooking.obj
 0001:00000de0       ??4NodeAllocator@Gu@physx@@QEAAAEAV012@AEBV012@@Z 0000000180001de0 f i Cooking.obj
 0001:00000e50       ??4PxBounds3@physx@@QEAAXAEBV01@@Z 0000000180001e50 f i Cooking.obj
 0001:00000e90       ??4PxFoundation@physx@@QEAAAEAV01@AEBV01@@Z 0000000180001e90 f i Cooking.obj
 0001:00000ea0       ??_EPxFoundation@physx@@MEAAPEAXI@Z 0000000180001ea0 f i Cooking.obj
 0001:00000f40       ??_FAABBTreeBuildParams@Gu@physx@@QEAAXXZ 0000000180001f40 f i Cooking.obj
 0001:00000f70       ??_GPxFoundation@physx@@MEAAPEAXI@Z 0000000180001f70 f i Cooking.obj
 0001:00000fb0       ??_H@YAXPEAX_K1P6APEAX0@Z@Z 0000000180001fb0 f i Cooking.obj
 0001:00001030       ??_I@YAXPEAX_K1P6AX0@Z@Z   0000000180002030 f i Cooking.obj
 0001:000010d0       ?FLoad@aos@physx@@YA?AT__m128@@M@Z 00000001800020d0 f i Cooking.obj
 0001:00001100       ?PxMarkSerializedMemory@physx@@YAXPEAXI@Z 0000000180002100 f i Cooking.obj
 0001:00001130       ?PxMemSet@physx@@YAPEAXPEAXHI@Z 0000000180002130 f i Cooking.obj
 0001:00001160       ?V3Load@aos@physx@@YA?AT__m128@@M@Z 0000000180002160 f i Cooking.obj
 0001:000011a0       ?V4Load@aos@physx@@YA?AT__m128@@M@Z 00000001800021a0 f i Cooking.obj
 0001:000011d0       ?__empty_global_delete@@YAXPEAX@Z 00000001800021d0 f i Cooking.obj
 0001:000011e0       ?__empty_global_delete@@YAXPEAX_K@Z 00000001800021e0 f i Cooking.obj
 0001:000011f0       ?__global_array_delete@@YAXPEAX@Z 00000001800021f0 f i Cooking.obj
 0001:00001210       ?__global_array_delete@@YAXPEAX_K@Z 0000000180002210 f i Cooking.obj
 0001:00001240       ?__global_delete@@YAXPEAX@Z 0000000180002240 f i Cooking.obj
 0001:00001260       ?__global_delete@@YAXPEAX_K@Z 0000000180002260 f i Cooking.obj
 0001:00001290       ?allocate@?$PxArray@USlab@NodeAllocator@Gu@physx@@V?$PxReflectionAllocator@USlab@NodeAllocator@Gu@physx@@@4@@physx@@IEAAPEAUSlab@NodeAllocator@Gu@2@IPEAI@Z 0000000180002290 f i Cooking.obj
 0001:00001300       ?allocate@?$PxReflectionAllocator@USlab@NodeAllocator@Gu@physx@@@physx@@SAPEAX_KPEBDHPEAI@Z 0000000180002300 f i Cooking.obj
 0001:00001380       ?allocate@?$PxReflectionAllocator@VBV4TriangleMesh@Gu@physx@@@physx@@SAPEAX_KPEBDHPEAI@Z 0000000180002380 f i Cooking.obj
 0001:00001400       ?allocate@?$PxReflectionAllocator@VBVH@Gu@physx@@@physx@@SAPEAX_KPEBDHPEAI@Z 0000000180002400 f i Cooking.obj
 0001:00001480       ?begin@?$PxArray@USlab@NodeAllocator@Gu@physx@@V?$PxReflectionAllocator@USlab@NodeAllocator@Gu@physx@@@4@@physx@@QEBAPEBUSlab@NodeAllocator@Gu@2@XZ 0000000180002480 f i Cooking.obj
 0001:00001490       ?capacity@?$PxArray@USlab@NodeAllocator@Gu@physx@@V?$PxReflectionAllocator@USlab@NodeAllocator@Gu@physx@@@4@@physx@@QEBAIXZ 0000000180002490 f i Cooking.obj
 0001:000014b0       ?clear@?$PxArray@USlab@NodeAllocator@Gu@physx@@V?$PxReflectionAllocator@USlab@NodeAllocator@Gu@physx@@@4@@physx@@QEAAXXZ 00000001800024b0 f i Cooking.obj
 0001:000014f0       ?copy@?$PxArray@USlab@NodeAllocator@Gu@physx@@V?$PxReflectionAllocator@USlab@NodeAllocator@Gu@physx@@@4@@physx@@KAXPEAUSlab@NodeAllocator@Gu@2@0PEBU3452@@Z 00000001800024f0 f i Cooking.obj
 0001:00001570       ?deallocate@?$PxArray@USlab@NodeAllocator@Gu@physx@@V?$PxReflectionAllocator@USlab@NodeAllocator@Gu@physx@@@4@@physx@@IEAAXPEAXPEAI@Z 0000000180002570 f i Cooking.obj
 0001:000015a0       ?deallocate@?$PxReflectionAllocator@USlab@NodeAllocator@Gu@physx@@@physx@@SAXPEAXPEAI@Z 00000001800025a0 f i Cooking.obj
 0001:000015f0       ?deallocate@PxAllocator@physx@@SAXPEAXPEAI@Z 00000001800025f0 f i Cooking.obj
 0001:00001640       ?destroy@?$PxArray@USlab@NodeAllocator@Gu@physx@@V?$PxReflectionAllocator@USlab@NodeAllocator@Gu@physx@@@4@@physx@@KAXPEAUSlab@NodeAllocator@Gu@2@0@Z 0000000180002640 f i Cooking.obj
 0001:00001670       ?empty@?$PxArray@USlab@NodeAllocator@Gu@physx@@V?$PxReflectionAllocator@USlab@NodeAllocator@Gu@physx@@@4@@physx@@QEBA_NXZ 0000000180002670 f i Cooking.obj
 0001:000016a0       ?getAABB@AABBTreeBuildNode@Gu@physx@@QEBAAEBVPxBounds3@3@XZ 00000001800026a0 f i Cooking.obj
 0001:000016b0       ?getBounds@AABBTreeBounds@Gu@physx@@QEAAPEAVPxBounds3@3@XZ 00000001800026b0 f i Cooking.obj
 0001:000016c0       ?getBounds@AABBTreeBounds@Gu@physx@@QEBAPEBVPxBounds3@3@XZ 00000001800026c0 f i Cooking.obj
 0001:000016d0       ?getName@?$PxReflectionAllocator@USlab@NodeAllocator@Gu@physx@@@physx@@CAPEBD_N@Z 00000001800026d0 f i Cooking.obj
 0001:00001700       ?getName@?$PxReflectionAllocator@VBV4TriangleMesh@Gu@physx@@@physx@@CAPEBD_N@Z 0000000180002700 f i Cooking.obj
 0001:00001730       ?getName@?$PxReflectionAllocator@VBVH@Gu@physx@@@physx@@CAPEBD_N@Z 0000000180002730 f i Cooking.obj
 0001:00001760       ?getNbPrimitives@AABBTreeBuildNode@Gu@physx@@QEBAIXZ 0000000180002760 f i Cooking.obj
 0001:00001770       ?getNbRuntimePrimitives@AABBTreeBuildNode@Gu@physx@@QEBAIXZ 0000000180002770 f i Cooking.obj
 0001:00001780       ?getNeg@AABBTreeBuildNode@Gu@physx@@QEBAPEBV123@XZ 0000000180002780 f i Cooking.obj
 0001:000017c0       ?getPos@AABBTreeBuildNode@Gu@physx@@QEBAPEBV123@XZ 00000001800027c0 f i Cooking.obj
 0001:000017d0       ?getPrimitives@AABBTreeBuildNode@Gu@physx@@QEAAPEAIPEAI@Z 00000001800027d0 f i Cooking.obj
 0001:000017f0       ?getPrimitives@AABBTreeBuildNode@Gu@physx@@QEBAPEBIPEBI@Z 00000001800027f0 f i Cooking.obj
 0001:00001810       ?grow@?$PxArray@USlab@NodeAllocator@Gu@physx@@V?$PxReflectionAllocator@USlab@NodeAllocator@Gu@physx@@@4@@physx@@IEAAXI@Z 0000000180002810 f i Cooking.obj
 0001:00001870       ?isInUserMemory@?$PxArray@USlab@NodeAllocator@Gu@physx@@V?$PxReflectionAllocator@USlab@NodeAllocator@Gu@physx@@@4@@physx@@QEBAIXZ 0000000180002870 f i Cooking.obj
 0001:00001890       ?isLeaf@AABBTreeBuildNode@Gu@physx@@QEBA_NXZ 0000000180002890 f i Cooking.obj
 0001:000018d0       ?memSet@intrinsics@physx@@YAPEAXPEAXHI@Z 00000001800028d0 f i Cooking.obj
 0001:00001900       ?moveFrom@AABBTreeBounds@Gu@physx@@QEAAXAEAV123@@Z 0000000180002900 f i Cooking.obj
 0001:00001930       ?name@type_info@@QEBAPEBDXZ 0000000180002930 f i Cooking.obj
 0001:00001960       ?ownsMemory@AABBTreeBounds@Gu@physx@@QEBA_NXZ 0000000180002960 f i Cooking.obj
 0001:00001990       ?recreate@?$PxArray@USlab@NodeAllocator@Gu@physx@@V?$PxReflectionAllocator@USlab@NodeAllocator@Gu@physx@@@4@@physx@@IEAAXI@Z 0000000180002990 f i Cooking.obj
 0001:00001aa0       ?reserve@?$PxArray@USlab@NodeAllocator@Gu@physx@@V?$PxReflectionAllocator@USlab@NodeAllocator@Gu@physx@@@4@@physx@@QEAAXI@Z 0000000180002aa0 f i Cooking.obj
 0001:00001ae0       ?reset@AABBTreeBuildParams@Gu@physx@@QEAAXXZ 0000000180002ae0 f i Cooking.obj
 0001:00001b50       ?setBounds@AABBTreeBounds@Gu@physx@@QEAAXPEAVPxBounds3@3@@Z 0000000180002b50 f i Cooking.obj
 0001:00001b80       ?setNbRunTimePrimitives@AABBTreeBuildNode@Gu@physx@@QEAAXI@Z 0000000180002b80 f i Cooking.obj
 0001:00001ba0       ?size@?$PxArray@USlab@NodeAllocator@Gu@physx@@V?$PxReflectionAllocator@USlab@NodeAllocator@Gu@physx@@@4@@physx@@QEBAIXZ 0000000180002ba0 f i Cooking.obj
 0001:00001bb0       ?takeOwnership@AABBTreeBounds@Gu@physx@@QEAAXXZ 0000000180002bb0 f i Cooking.obj
 0001:00001bd0       PxSetPhysXCookingDelayLoadHook 0000000180002bd0 f   WindowsCookingDelayLoadHook.obj
 0001:00001bf0       ?cookingDelayHook@@YAP6A_JXZIPEAUDelayLoadInfo@@@Z 0000000180002bf0 f   WindowsCookingDelayLoadHook.obj
 0001:00001c70       ?loadLibrary@Cm@physx@@YAPEAUHINSTANCE__@@PEBD@Z 0000000180002c70 f i WindowsCookingDelayLoadHook.obj
 0001:00001c90       ?physXCommonDliNotePreLoadLibrary@Cm@physx@@YAP6A_JXZPEBDPEBVPxDelayLoadHook@2@@Z 0000000180002c90 f i WindowsCookingDelayLoadHook.obj
 0001:00001d1b       getInsertionCallback       0000000180002d1b f   PhysXCommon_64:PhysXCommon_64.dll
 0001:00001d21       __tailMerge_physxcommon_64_dll 0000000180002d21     PhysXCommon_64:PhysXCommon_64.dll
 0001:00001d9a       __imp_load_getInsertionCallback 0000000180002d9a f   PhysXCommon_64:PhysXCommon_64.dll
 0001:00001da6       cookBVH                    0000000180002da6 f   PhysXCommon_64:PhysXCommon_64.dll
 0001:00001dac       __imp_load_cookBVH         0000000180002dac f   PhysXCommon_64:PhysXCommon_64.dll
 0001:00001db8       createBVH                  0000000180002db8 f   PhysXCommon_64:PhysXCommon_64.dll
 0001:00001dbe       __imp_load_createBVH       0000000180002dbe f   PhysXCommon_64:PhysXCommon_64.dll
 0001:00001dca       cookHeightField            0000000180002dca f   PhysXCommon_64:PhysXCommon_64.dll
 0001:00001dd0       __imp_load_cookHeightField 0000000180002dd0 f   PhysXCommon_64:PhysXCommon_64.dll
 0001:00001ddc       createHeightField          0000000180002ddc f   PhysXCommon_64:PhysXCommon_64.dll
 0001:00001de2       __imp_load_createHeightField 0000000180002de2 f   PhysXCommon_64:PhysXCommon_64.dll
 0001:00001dee       cookConvexMesh             0000000180002dee f   PhysXCommon_64:PhysXCommon_64.dll
 0001:00001df4       __imp_load_cookConvexMesh  0000000180002df4 f   PhysXCommon_64:PhysXCommon_64.dll
 0001:00001e00       createConvexMesh           0000000180002e00 f   PhysXCommon_64:PhysXCommon_64.dll
 0001:00001e06       __imp_load_createConvexMesh 0000000180002e06 f   PhysXCommon_64:PhysXCommon_64.dll
 0001:00001e12       validateConvexMesh         0000000180002e12 f   PhysXCommon_64:PhysXCommon_64.dll
 0001:00001e18       __imp_load_validateConvexMesh 0000000180002e18 f   PhysXCommon_64:PhysXCommon_64.dll
 0001:00001e24       computeHullPolygons        0000000180002e24 f   PhysXCommon_64:PhysXCommon_64.dll
 0001:00001e2a       __imp_load_computeHullPolygons 0000000180002e2a f   PhysXCommon_64:PhysXCommon_64.dll
 0001:00001e36       validateTriangleMesh       0000000180002e36 f   PhysXCommon_64:PhysXCommon_64.dll
 0001:00001e3c       __imp_load_validateTriangleMesh 0000000180002e3c f   PhysXCommon_64:PhysXCommon_64.dll
 0001:00001e48       createTriangleMesh         0000000180002e48 f   PhysXCommon_64:PhysXCommon_64.dll
 0001:00001e4e       __imp_load_createTriangleMesh 0000000180002e4e f   PhysXCommon_64:PhysXCommon_64.dll
 0001:00001e5a       cookTriangleMesh           0000000180002e5a f   PhysXCommon_64:PhysXCommon_64.dll
 0001:00001e60       __imp_load_cookTriangleMesh 0000000180002e60 f   PhysXCommon_64:PhysXCommon_64.dll
 0001:00001e6c       cookTetrahedronMesh        0000000180002e6c f   PhysXCommon_64:PhysXCommon_64.dll
 0001:00001e72       __imp_load_cookTetrahedronMesh 0000000180002e72 f   PhysXCommon_64:PhysXCommon_64.dll
 0001:00001e7e       createTetrahedronMesh      0000000180002e7e f   PhysXCommon_64:PhysXCommon_64.dll
 0001:00001e84       __imp_load_createTetrahedronMesh 0000000180002e84 f   PhysXCommon_64:PhysXCommon_64.dll
 0001:00001e90       cookSoftBodyMesh           0000000180002e90 f   PhysXCommon_64:PhysXCommon_64.dll
 0001:00001e96       __imp_load_cookSoftBodyMesh 0000000180002e96 f   PhysXCommon_64:PhysXCommon_64.dll
 0001:00001ea2       createSoftBodyMesh         0000000180002ea2 f   PhysXCommon_64:PhysXCommon_64.dll
 0001:00001ea8       __imp_load_createSoftBodyMesh 0000000180002ea8 f   PhysXCommon_64:PhysXCommon_64.dll
 0001:00001eb4       computeModelsMapping       0000000180002eb4 f   PhysXCommon_64:PhysXCommon_64.dll
 0001:00001eba       __imp_load_computeModelsMapping 0000000180002eba f   PhysXCommon_64:PhysXCommon_64.dll
 0001:00001ec6       computeCollisionData       0000000180002ec6 f   PhysXCommon_64:PhysXCommon_64.dll
 0001:00001ecc       __imp_load_computeCollisionData 0000000180002ecc f   PhysXCommon_64:PhysXCommon_64.dll
 0001:00001ed8       computeSimulationData      0000000180002ed8 f   PhysXCommon_64:PhysXCommon_64.dll
 0001:00001ede       __imp_load_computeSimulationData 0000000180002ede f   PhysXCommon_64:PhysXCommon_64.dll
 0001:00001eea       assembleSoftBodyMesh       0000000180002eea f   PhysXCommon_64:PhysXCommon_64.dll
 0001:00001ef0       __imp_load_assembleSoftBodyMesh 0000000180002ef0 f   PhysXCommon_64:PhysXCommon_64.dll
 0001:00001efc       assembleSoftBodyMesh_Sim   0000000180002efc f   PhysXCommon_64:PhysXCommon_64.dll
 0001:00001f02       __imp_load_assembleSoftBodyMesh_Sim 0000000180002f02 f   PhysXCommon_64:PhysXCommon_64.dll
 0001:00001f0e       ?release@AABBTreeBounds@Gu@physx@@QEAAXXZ 0000000180002f0e f   PhysXCommon_64:PhysXCommon_64.dll
 0001:00001f14       __imp_load_?release@AABBTreeBounds@Gu@physx@@QEAAXXZ 0000000180002f14 f   PhysXCommon_64:PhysXCommon_64.dll
 0001:00001f20       ??0BVH@Gu@physx@@QEAA@AEBUPxBVHInternalData@2@@Z 0000000180002f20 f   PhysXCommon_64:PhysXCommon_64.dll
 0001:00001f26       __imp_load_??0BVH@Gu@physx@@QEAA@AEBUPxBVHInternalData@2@@Z 0000000180002f26 f   PhysXCommon_64:PhysXCommon_64.dll
 0001:00001f32       ??0BV4TriangleMesh@Gu@physx@@QEAA@AEBUPxTriangleMeshInternalData@2@@Z 0000000180002f32 f   PhysXCommon_64:PhysXCommon_64.dll
 0001:00001f38       __imp_load_??0BV4TriangleMesh@Gu@physx@@QEAA@AEBUPxTriangleMeshInternalData@2@@Z 0000000180002f38 f   PhysXCommon_64:PhysXCommon_64.dll
 0001:00001f44       ?PxAssert@physx@@YAXPEBD0HAEA_N@Z 0000000180002f44 f   PhysXFoundation_64:PhysXFoundation_64.dll
 0001:00001f4a       __tailMerge_physxfoundation_64_dll 0000000180002f4a     PhysXFoundation_64:PhysXFoundation_64.dll
 0001:00001fc3       __imp_load_?PxAssert@physx@@YAXPEBD0HAEA_N@Z 0000000180002fc3 f   PhysXFoundation_64:PhysXFoundation_64.dll
 0001:00001fcf       PxGetBroadcastAllocator    0000000180002fcf f   PhysXFoundation_64:PhysXFoundation_64.dll
 0001:00001fd5       __imp_load_PxGetBroadcastAllocator 0000000180002fd5 f   PhysXFoundation_64:PhysXFoundation_64.dll
 0001:00001fe1       LoadLibraryA               0000000180002fe1 f   kernel32:KERNEL32.dll
 0001:000021f0       ??$PFromRva@PEAP6A_JXZ@@YAPEAP6A_JXZK@Z 00000001800031f0 f i Delayimp:delayhlp.obj
 0001:00002200       ??$PFromRva@PEAPEAUHINSTANCE__@@@@YAPEAPEAUHINSTANCE__@@K@Z 0000000180003200 f i Delayimp:delayhlp.obj
 0001:00002210       ??$PFromRva@PEAU_IMAGE_IMPORT_BY_NAME@@@@YAPEAU_IMAGE_IMPORT_BY_NAME@@K@Z 0000000180003210 f i Delayimp:delayhlp.obj
 0001:00002220       ??$PFromRva@PEAU_IMAGE_THUNK_DATA64@@@@YAPEAU_IMAGE_THUNK_DATA64@@K@Z 0000000180003220 f i Delayimp:delayhlp.obj
 0001:00002230       ??$PFromRva@PEBD@@YAPEBDK@Z 0000000180003230 f i Delayimp:delayhlp.obj
 0001:00002240       ??$PFromRva@PEBUImgDelayDescr@@@@YAPEBUImgDelayDescr@@K@Z 0000000180003240 f i Delayimp:delayhlp.obj
 0001:00002250       ??$PFromRva@PEBU_IMAGE_THUNK_DATA64@@@@YAPEBU_IMAGE_THUNK_DATA64@@K@Z 0000000180003250 f i Delayimp:delayhlp.obj
 0001:000022c4       ?CountOfImports@@YAIPEBU_IMAGE_THUNK_DATA64@@@Z 00000001800032c4 f i Delayimp:delayhlp.obj
 0001:000022d8       ?DloadAcquireSectionWriteAccess@@YAXXZ 00000001800032d8 f i Delayimp:delayhlp.obj
 0001:00002394       ?DloadGetSRWLockFunctionPointers@@YAEXZ 0000000180003394 f i Delayimp:delayhlp.obj
 0001:00002434       ?DloadLock@@YAXXZ          0000000180003434 f i Delayimp:delayhlp.obj
 0001:0000247c       ?DloadMakePermanentImageCommit@@YAXPEAX_K@Z 000000018000347c f i Delayimp:delayhlp.obj
 0001:00002514       ?DloadObtainSection@@YAPEAXPEAK0@Z 0000000180003514 f i Delayimp:delayhlp.obj
 0001:000025b0       ?DloadProtectSection@@YAXPEAX_KKPEAK@Z 00000001800035b0 f i Delayimp:delayhlp.obj
 0001:000026a8       ?DloadReleaseSectionWriteAccess@@YAXXZ 00000001800036a8 f i Delayimp:delayhlp.obj
 0001:00002754       ?DloadUnlock@@YAXXZ        0000000180003754 f i Delayimp:delayhlp.obj
 0001:00002794       ?IndexFromPImgThunkData@@YAIPEBU_IMAGE_THUNK_DATA64@@0@Z 0000000180003794 f i Delayimp:delayhlp.obj
 0001:000027a0       ?IsBufferInBounds@@YAEPEAX_K01@Z 00000001800037a0 f i Delayimp:delayhlp.obj
 0001:000028c4       HRESULT_FROM_WIN32         00000001800038c4 f i Delayimp:delayhlp.obj
 0001:000028d4       ReadAcquire64              00000001800038d4 f i Delayimp:delayhlp.obj
 0001:000028d8       ReadPointerAcquire         00000001800038d8 f i Delayimp:delayhlp.obj
 0001:000028dc       WritePointerRelease        00000001800038dc f i Delayimp:delayhlp.obj
 0001:000028e0       WriteRelease64             00000001800038e0 f i Delayimp:delayhlp.obj
 0001:000028e4       __FUnloadDelayLoadedDLL2   00000001800038e4 f   Delayimp:delayhlp.obj
 0001:0000299c       __HrLoadAllImportsForDll   000000018000399c f   Delayimp:delayhlp.obj
 0001:00002a10       __delayLoadHelper2         0000000180003a10 f   Delayimp:delayhlp.obj
 0001:00002d10       ??3@YAXPEAX@Z              0000000180003d10 f   MSVCRTD:delete_scalar.obj
 0001:00002d30       ??3@YAXPEAX_K@Z            0000000180003d30 f   MSVCRTD:delete_scalar_size.obj
 0001:00002d50       ??_V@YAXPEAX@Z             0000000180003d50 f   MSVCRTD:delete_array.obj
 0001:00002d70       ??_V@YAXPEAX_K@Z           0000000180003d70 f   MSVCRTD:delete_array_size.obj
 0001:00002d90       _CRT_RTC_INIT              0000000180003d90 f   MSVCRTD:init.obj
 0001:00002da0       _CRT_RTC_INITW             0000000180003da0 f   MSVCRTD:init.obj
 0001:00002db0       _RTC_InitBase              0000000180003db0 f   MSVCRTD:init.obj
 0001:00002df0       _RTC_Shutdown              0000000180003df0 f   MSVCRTD:init.obj
 0001:00002e20       ??1type_info@@UEAA@XZ      0000000180003e20 f   MSVCRTD:std_type_info_static.obj
 0001:00002e40       ??_Etype_info@@UEAAPEAXI@Z 0000000180003e40 f i MSVCRTD:std_type_info_static.obj
 0001:00002e40       ??_Gtype_info@@UEAAPEAXI@Z 0000000180003e40 f i MSVCRTD:std_type_info_static.obj
 0001:00002e80       ?__scrt_initialize_type_info@@YAXXZ 0000000180003e80 f   MSVCRTD:tncleanup.obj
 0001:00002ea0       ?__scrt_uninitialize_type_info@@YAXXZ 0000000180003ea0 f   MSVCRTD:tncleanup.obj
 0001:000032d0       _CRT_INIT                  00000001800042d0 f   MSVCRTD:dll_dllmain.obj
 0001:00003300       _DllMainCRTStartup         0000000180004300 f   MSVCRTD:dll_dllmain.obj
 0001:00003340       _guard_check_icall_nop     0000000180004340 f i MSVCRTD:guard_support.obj
 0001:00003350       ReadNoFence64              0000000180004350 f i MSVCRTD:guard_support.obj
 0001:00003370       ReadPointerNoFence         0000000180004370 f i MSVCRTD:guard_support.obj
 0001:00003390       __castguard_check_failure_debugbreak 0000000180004390 f i MSVCRTD:guard_support.obj
 0001:000033b0       __castguard_check_failure_fastfail 00000001800043b0 f i MSVCRTD:guard_support.obj
 0001:000033e0       __castguard_check_failure_nop 00000001800043e0 f i MSVCRTD:guard_support.obj
 0001:000033f0       __castguard_check_failure_os_handled 00000001800043f0 f i MSVCRTD:guard_support.obj
 0001:00003460       __castguard_check_failure_user_handled 0000000180004460 f i MSVCRTD:guard_support.obj
 0001:00003550       __castguard_set_user_handler 0000000180004550 f i MSVCRTD:guard_support.obj
 0001:00003580       __castguard_slow_path_check_debugbreak 0000000180004580 f i MSVCRTD:guard_support.obj
 0001:000035c0       __castguard_slow_path_check_fastfail 00000001800045c0 f i MSVCRTD:guard_support.obj
 0001:00003610       __castguard_slow_path_check_nop 0000000180004610 f i MSVCRTD:guard_support.obj
 0001:00003620       __castguard_slow_path_check_os_handled 0000000180004620 f i MSVCRTD:guard_support.obj
 0001:00003670       __castguard_slow_path_check_user_handled 0000000180004670 f i MSVCRTD:guard_support.obj
 0001:00003730       _guard_icall_checks_enforced 0000000180004730 f i MSVCRTD:guard_support.obj
 0001:00003770       _guard_rf_checks_enforced  0000000180004770 f i MSVCRTD:guard_support.obj
 0001:00003780       ?_RTC_GetErrorFunc@@YAP6AHHPEBDH00ZZPEBX@Z 0000000180004780 f   MSVCRTD:userapi.obj
 0001:00003790       ?_RTC_GetErrorFuncW@@YAP6AHHPEB_WH00ZZPEBX@Z 0000000180004790 f   MSVCRTD:userapi.obj
 0001:000037a0       _RTC_GetErrDesc            00000001800047a0 f   MSVCRTD:userapi.obj
 0001:000037c0       _RTC_NumErrors             00000001800047c0 f   MSVCRTD:userapi.obj
 0001:000037d0       _RTC_SetErrorFunc          00000001800047d0 f   MSVCRTD:userapi.obj
 0001:000037f0       _RTC_SetErrorFuncW         00000001800047f0 f   MSVCRTD:userapi.obj
 0001:00003810       _RTC_SetErrorType          0000000180004810 f   MSVCRTD:userapi.obj
 0001:000038f0       __security_init_cookie     00000001800048f0 f   MSVCRTD:gs_support.obj
 0001:00003970       DllMain                    0000000180004970 f   MSVCRTD:dll_dllmain_stub.obj
 0001:000039b0       __local_stdio_printf_options 00000001800049b0 f i MSVCRTD:default_local_stdio_options.obj
 0001:000039c0       __local_stdio_scanf_options 00000001800049c0 f i MSVCRTD:default_local_stdio_options.obj
 0001:000039d0       __scrt_initialize_default_local_stdio_options 00000001800049d0 f   MSVCRTD:default_local_stdio_options.obj
 0001:00003a20       ?configure_argv@__scrt_narrow_argv_policy@@SAHXZ 0000000180004a20 f i MSVCRTD:utility.obj
 0001:00003b10       ?initialize_environment@__scrt_narrow_environment_policy@@SAHXZ 0000000180004b10 f i MSVCRTD:utility.obj
 0001:00003bb0       NtCurrentTeb               0000000180004bb0 f i MSVCRTD:utility.obj
 0001:00003bc0       __scrt_acquire_startup_lock 0000000180004bc0 f   MSVCRTD:utility.obj
 0001:00003c30       __scrt_dllmain_after_initialize_c 0000000180004c30 f   MSVCRTD:utility.obj
 0001:00003c60       __scrt_dllmain_before_initialize_c 0000000180004c60 f   MSVCRTD:utility.obj
 0001:00003c80       __scrt_dllmain_crt_thread_attach 0000000180004c80 f   MSVCRTD:utility.obj
 0001:00003cb0       __scrt_dllmain_crt_thread_detach 0000000180004cb0 f   MSVCRTD:utility.obj
 0001:00003cd0       __scrt_dllmain_exception_filter 0000000180004cd0 f   MSVCRTD:utility.obj
 0001:00003d40       __scrt_dllmain_uninitialize_c 0000000180004d40 f   MSVCRTD:utility.obj
 0001:00003d70       __scrt_dllmain_uninitialize_critical 0000000180004d70 f   MSVCRTD:utility.obj
 0001:00003d90       __scrt_initialize_crt      0000000180004d90 f   MSVCRTD:utility.obj
 0001:00003de0       __scrt_initialize_onexit_tables 0000000180004de0 f   MSVCRTD:utility.obj
 0001:00003ef0       __scrt_is_nonwritable_in_current_image 0000000180004ef0 f   MSVCRTD:utility.obj
 0001:00003f80       __scrt_release_startup_lock 0000000180004f80 f   MSVCRTD:utility.obj
 0001:00003fb0       __scrt_uninitialize_crt    0000000180004fb0 f   MSVCRTD:utility.obj
 0001:00003ff0       _onexit                    0000000180004ff0 f   MSVCRTD:utility.obj
 0001:00004070       at_quick_exit              0000000180005070 f   MSVCRTD:utility.obj
 0001:000040c0       atexit                     00000001800050c0 f   MSVCRTD:utility.obj
 0001:00004100       __scrt_get_dyn_tls_init_callback 0000000180005100 f   MSVCRTD:dyn_tls_init.obj
 0001:00004110       __crt_debugger_hook        0000000180005110 f   MSVCRTD:utility_desktop.obj
 0001:00004120       __scrt_fastfail            0000000180005120 f   MSVCRTD:utility_desktop.obj
 0001:000042c0       __scrt_get_show_window_mode 00000001800052c0 f   MSVCRTD:utility_desktop.obj
 0001:00004320       __scrt_initialize_mta      0000000180005320 f   MSVCRTD:utility_desktop.obj
 0001:00004330       __scrt_initialize_winrt    0000000180005330 f   MSVCRTD:utility_desktop.obj
 0001:00004340       __scrt_is_managed_app      0000000180005340 f   MSVCRTD:utility_desktop.obj
 0001:000043f0       __scrt_set_unhandled_exception_filter 00000001800053f0 f   MSVCRTD:utility_desktop.obj
 0001:00004410       __scrt_exe_initialize_mta  0000000180005410 f   MSVCRTD:utility_desktop.obj
 0001:00004410       __scrt_stub_for_initialize_mta 0000000180005410 f   MSVCRTD:utility_desktop.obj
 0001:00004420       __scrt_unhandled_exception_filter 0000000180005420 f   MSVCRTD:utility_desktop.obj
 0001:000044c0       _RTC_Initialize            00000001800054c0 f   MSVCRTD:initsect.obj
 0001:00004510       _RTC_Terminate             0000000180005510 f   MSVCRTD:initsect.obj
 0001:000045f0       ?_RTC_AllocaFailure@@YAXPEAXPEAU_RTC_ALLOCA_NODE@@H@Z 00000001800055f0 f   MSVCRTD:error.obj
 0001:00004750       ?_RTC_Failure@@YAXPEAXH@Z  0000000180005750 f   MSVCRTD:error.obj
 0001:000047a0       ?_RTC_StackFailure@@YAXPEAXPEBD@Z 00000001800057a0 f   MSVCRTD:error.obj
 0001:00004bf0       _RTC_UninitUse             0000000180005bf0 f   MSVCRTD:error.obj
 0001:00004cc0       _vsprintf_s_l              0000000180005cc0 f i MSVCRTD:error.obj
 0001:00004d30       sprintf_s                  0000000180005d30 f i MSVCRTD:error.obj
 0001:00004d60       __isa_available_init       0000000180005d60 f   MSVCRTD:cpu_disp.obj
 0001:00005250       _get_startup_argv_mode     0000000180006250 f   MSVCRTD:argv_mode.obj
 0001:00005260       __scrt_is_ucrt_dll_in_use  0000000180006260 f   MSVCRTD:ucrt_detection.obj
 0001:000057b0       ?_RTC_GetSrcLine@@YAHPEAEPEA_WKPEAH1K@Z 00000001800067b0 f   MSVCRTD:pdblkup.obj
 0001:00005b80       __GSHandlerCheck           0000000180006b80 f   MSVCRTD:gshandler.obj
 0001:00005bc0       __GSHandlerCheckCommon     0000000180006bc0 f   MSVCRTD:gshandler.obj
 0001:00005cd0       __security_check_cookie    0000000180006cd0 f   MSVCRTD:amdsecgs.obj
 0001:00005cf0       __raise_securityfailure    0000000180006cf0 f   MSVCRTD:gs_report.obj
 0001:00005d30       __report_gsfailure         0000000180006d30 f   MSVCRTD:gs_report.obj
 0001:00005e10       __report_rangecheckfailure 0000000180006e10 f   MSVCRTD:gs_report.obj
 0001:00005e30       __report_securityfailure   0000000180006e30 f   MSVCRTD:gs_report.obj
 0001:00005ed0       __report_securityfailureEx 0000000180006ed0 f   MSVCRTD:gs_report.obj
 0001:00006133       _purecall                  0000000180007133 f   vcruntimed:VCRUNTIME140D.dll
 0001:00006139       memset                     0000000180007139 f   vcruntimed:VCRUNTIME140D.dll
 0001:0000613f       __std_type_info_name       000000018000713f f   vcruntimed:VCRUNTIME140D.dll
 0001:00006145       strstr                     0000000180007145 f   vcruntimed:VCRUNTIME140D.dll
 0001:0000614b       __std_type_info_destroy_list 000000018000714b f   vcruntimed:VCRUNTIME140D.dll
 0001:00006151       __C_specific_handler       0000000180007151 f   vcruntimed:VCRUNTIME140D.dll
 0001:00006157       __current_exception        0000000180007157 f   vcruntimed:VCRUNTIME140D.dll
 0001:0000615d       __current_exception_context 000000018000715d f   vcruntimed:VCRUNTIME140D.dll
 0001:00006163       __C_specific_handler_noexcept 0000000180007163 f   vcruntimed:VCRUNTIME140D.dll
 0001:00006169       __vcrt_GetModuleFileNameW  0000000180007169 f   vcruntimed:VCRUNTIME140D.dll
 0001:0000616f       __vcrt_GetModuleHandleW    000000018000716f f   vcruntimed:VCRUNTIME140D.dll
 0001:00006175       __vcrt_LoadLibraryExW      0000000180007175 f   vcruntimed:VCRUNTIME140D.dll
 0001:0000617b       memcpy                     000000018000717b f   vcruntimed:VCRUNTIME140D.dll
 0001:00006181       _free_dbg                  0000000180007181 f   ucrtd:ucrtbased.dll
 0001:00006187       _CrtDbgReport              0000000180007187 f   ucrtd:ucrtbased.dll
 0001:0000618d       _CrtDbgReportW             000000018000718d f   ucrtd:ucrtbased.dll
 0001:00006193       _initterm                  0000000180007193 f   ucrtd:ucrtbased.dll
 0001:00006199       _initterm_e                0000000180007199 f   ucrtd:ucrtbased.dll
 0001:0000619f       _seh_filter_dll            000000018000719f f   ucrtd:ucrtbased.dll
 0001:000061a5       _configure_narrow_argv     00000001800071a5 f   ucrtd:ucrtbased.dll
 0001:000061ab       _initialize_narrow_environment 00000001800071ab f   ucrtd:ucrtbased.dll
 0001:000061b1       _initialize_onexit_table   00000001800071b1 f   ucrtd:ucrtbased.dll
 0001:000061b7       _register_onexit_function  00000001800071b7 f   ucrtd:ucrtbased.dll
 0001:000061bd       _execute_onexit_table      00000001800071bd f   ucrtd:ucrtbased.dll
 0001:000061c3       _crt_atexit                00000001800071c3 f   ucrtd:ucrtbased.dll
 0001:000061c9       _crt_at_quick_exit         00000001800071c9 f   ucrtd:ucrtbased.dll
 0001:000061cf       _cexit                     00000001800071cf f   ucrtd:ucrtbased.dll
 0001:000061d5       terminate                  00000001800071d5 f   ucrtd:ucrtbased.dll
 0001:000061db       strcpy_s                   00000001800071db f   ucrtd:ucrtbased.dll
 0001:000061e1       strcat_s                   00000001800071e1 f   ucrtd:ucrtbased.dll
 0001:000061e7       __stdio_common_vsprintf_s  00000001800071e7 f   ucrtd:ucrtbased.dll
 0001:000061ed       _wmakepath_s               00000001800071ed f   ucrtd:ucrtbased.dll
 0001:000061f3       _wsplitpath_s              00000001800071f3 f   ucrtd:ucrtbased.dll
 0001:000061f9       wcscpy_s                   00000001800071f9 f   ucrtd:ucrtbased.dll
 0001:000061ff       RaiseException             00000001800071ff f   kernel32:KERNEL32.dll
 0001:00006205       GetLastError               0000000180007205 f   kernel32:KERNEL32.dll
 0001:0000620b       GetSystemInfo              000000018000720b f   kernel32:KERNEL32.dll
 0001:00006211       VirtualProtect             0000000180007211 f   kernel32:KERNEL32.dll
 0001:00006217       VirtualQuery               0000000180007217 f   kernel32:KERNEL32.dll
 0001:0000621d       FreeLibrary                000000018000721d f   kernel32:KERNEL32.dll
 0001:00006223       GetModuleHandleW           0000000180007223 f   kernel32:KERNEL32.dll
 0001:00006229       GetProcAddress             0000000180007229 f   kernel32:KERNEL32.dll
 0001:0000622f       LoadLibraryExA             000000018000722f f   kernel32:KERNEL32.dll
 0001:00006235       InitializeSListHead        0000000180007235 f   kernel32:KERNEL32.dll
 0001:0000623b       QueryPerformanceCounter    000000018000723b f   kernel32:KERNEL32.dll
 0001:00006241       GetCurrentProcessId        0000000180007241 f   kernel32:KERNEL32.dll
 0001:00006247       GetCurrentThreadId         0000000180007247 f   kernel32:KERNEL32.dll
 0001:0000624d       GetSystemTimeAsFileTime    000000018000724d f   kernel32:KERNEL32.dll
 0001:00006253       DisableThreadLibraryCalls  0000000180007253 f   kernel32:KERNEL32.dll
 0001:00006259       RtlCaptureContext          0000000180007259 f   kernel32:KERNEL32.dll
 0001:0000625f       RtlLookupFunctionEntry     000000018000725f f   kernel32:KERNEL32.dll
 0001:00006265       RtlVirtualUnwind           0000000180007265 f   kernel32:KERNEL32.dll
 0001:0000626b       IsDebuggerPresent          000000018000726b f   kernel32:KERNEL32.dll
 0001:00006271       UnhandledExceptionFilter   0000000180007271 f   kernel32:KERNEL32.dll
 0001:00006277       SetUnhandledExceptionFilter 0000000180007277 f   kernel32:KERNEL32.dll
 0001:0000627d       GetStartupInfoW            000000018000727d f   kernel32:KERNEL32.dll
 0001:00006283       IsProcessorFeaturePresent  0000000180007283 f   kernel32:KERNEL32.dll
 0001:00006289       MultiByteToWideChar        0000000180007289 f   kernel32:KERNEL32.dll
 0001:0000628f       WideCharToMultiByte        000000018000728f f   kernel32:KERNEL32.dll
 0001:00006295       HeapAlloc                  0000000180007295 f   kernel32:KERNEL32.dll
 0001:0000629b       HeapFree                   000000018000729b f   kernel32:KERNEL32.dll
 0001:000062a1       GetProcessHeap             00000001800072a1 f   kernel32:KERNEL32.dll
 0001:000062a7       GetCurrentProcess          00000001800072a7 f   kernel32:KERNEL32.dll
 0001:000062ad       TerminateProcess           00000001800072ad f   kernel32:KERNEL32.dll
 0001:000062c0       __acrt_initialize          00000001800072c0 f   MSVCRTD:ucrt_stubs.obj
 0001:000062c0       __scrt_stub_for_acrt_initialize 00000001800072c0 f   MSVCRTD:ucrt_stubs.obj
 0001:000062c0       __vcrt_initialize          00000001800072c0 f   MSVCRTD:ucrt_stubs.obj
 0001:000062d0       __acrt_thread_attach       00000001800072d0 f   MSVCRTD:ucrt_stubs.obj
 0001:000062d0       __scrt_stub_for_acrt_thread_attach 00000001800072d0 f   MSVCRTD:ucrt_stubs.obj
 0001:000062d0       __vcrt_thread_attach       00000001800072d0 f   MSVCRTD:ucrt_stubs.obj
 0001:000062e0       __acrt_thread_detach       00000001800072e0 f   MSVCRTD:ucrt_stubs.obj
 0001:000062e0       __scrt_stub_for_acrt_thread_detach 00000001800072e0 f   MSVCRTD:ucrt_stubs.obj
 0001:000062e0       __vcrt_thread_detach       00000001800072e0 f   MSVCRTD:ucrt_stubs.obj
 0001:000062f0       __acrt_uninitialize        00000001800072f0 f   MSVCRTD:ucrt_stubs.obj
 0001:000062f0       __scrt_stub_for_acrt_uninitialize 00000001800072f0 f   MSVCRTD:ucrt_stubs.obj
 0001:000062f0       __vcrt_uninitialize        00000001800072f0 f   MSVCRTD:ucrt_stubs.obj
 0001:00006300       __acrt_uninitialize_critical 0000000180007300 f   MSVCRTD:ucrt_stubs.obj
 0001:00006300       __scrt_stub_for_acrt_uninitialize_critical 0000000180007300 f   MSVCRTD:ucrt_stubs.obj
 0001:00006300       __vcrt_uninitialize_critical 0000000180007300 f   MSVCRTD:ucrt_stubs.obj
 0001:00006310       __scrt_stub_for_is_c_termination_complete 0000000180007310 f   MSVCRTD:ucrt_stubs.obj
 0001:00006310       _is_c_termination_complete 0000000180007310 f   MSVCRTD:ucrt_stubs.obj
 0001:00006330       _guard_dispatch_icall_nop  0000000180007330 f   MSVCRTD:guard_dispatch.obj
 0001:00006350       _guard_xfg_dispatch_icall_nop 0000000180007350 f   MSVCRTD:guard_xfg_dispatch.obj
 0002:00000000       __imp_LoadLibraryA         0000000180008000     kernel32:KERNEL32.dll
 0002:00000008       __imp_GetCurrentProcess    0000000180008008     kernel32:KERNEL32.dll
 0002:00000010       __imp_GetProcessHeap       0000000180008010     kernel32:KERNEL32.dll
 0002:00000018       __imp_HeapFree             0000000180008018     kernel32:KERNEL32.dll
 0002:00000020       __imp_HeapAlloc            0000000180008020     kernel32:KERNEL32.dll
 0002:00000028       __imp_WideCharToMultiByte  0000000180008028     kernel32:KERNEL32.dll
 0002:00000030       __imp_MultiByteToWideChar  0000000180008030     kernel32:KERNEL32.dll
 0002:00000038       __imp_IsProcessorFeaturePresent 0000000180008038     kernel32:KERNEL32.dll
 0002:00000040       __imp_GetStartupInfoW      0000000180008040     kernel32:KERNEL32.dll
 0002:00000048       __imp_SetUnhandledExceptionFilter 0000000180008048     kernel32:KERNEL32.dll
 0002:00000050       __imp_UnhandledExceptionFilter 0000000180008050     kernel32:KERNEL32.dll
 0002:00000058       __imp_IsDebuggerPresent    0000000180008058     kernel32:KERNEL32.dll
 0002:00000060       __imp_RtlVirtualUnwind     0000000180008060     kernel32:KERNEL32.dll
 0002:00000068       __imp_RtlLookupFunctionEntry 0000000180008068     kernel32:KERNEL32.dll
 0002:00000070       __imp_RtlCaptureContext    0000000180008070     kernel32:KERNEL32.dll
 0002:00000078       __imp_DisableThreadLibraryCalls 0000000180008078     kernel32:KERNEL32.dll
 0002:00000080       __imp_GetSystemTimeAsFileTime 0000000180008080     kernel32:KERNEL32.dll
 0002:00000088       __imp_GetCurrentThreadId   0000000180008088     kernel32:KERNEL32.dll
 0002:00000090       __imp_GetCurrentProcessId  0000000180008090     kernel32:KERNEL32.dll
 0002:00000098       __imp_QueryPerformanceCounter 0000000180008098     kernel32:KERNEL32.dll
 0002:000000a0       __imp_InitializeSListHead  00000001800080a0     kernel32:KERNEL32.dll
 0002:000000a8       __imp_LoadLibraryExA       00000001800080a8     kernel32:KERNEL32.dll
 0002:000000b0       __imp_GetProcAddress       00000001800080b0     kernel32:KERNEL32.dll
 0002:000000b8       __imp_GetModuleHandleW     00000001800080b8     kernel32:KERNEL32.dll
 0002:000000c0       __imp_FreeLibrary          00000001800080c0     kernel32:KERNEL32.dll
 0002:000000c8       __imp_VirtualQuery         00000001800080c8     kernel32:KERNEL32.dll
 0002:000000d0       __imp_VirtualProtect       00000001800080d0     kernel32:KERNEL32.dll
 0002:000000d8       __imp_GetSystemInfo        00000001800080d8     kernel32:KERNEL32.dll
 0002:000000e0       __imp_GetLastError         00000001800080e0     kernel32:KERNEL32.dll
 0002:000000e8       __imp_RaiseException       00000001800080e8     kernel32:KERNEL32.dll
 0002:000000f0       __imp_TerminateProcess     00000001800080f0     kernel32:KERNEL32.dll
 0002:000000f8       \177KERNEL32_NULL_THUNK_DATA 00000001800080f8     kernel32:KERNEL32.dll
 0002:00000100       __imp_strstr               0000000180008100     vcruntimed:VCRUNTIME140D.dll
 0002:00000108       __imp___std_type_info_destroy_list 0000000180008108     vcruntimed:VCRUNTIME140D.dll
 0002:00000110       __imp___C_specific_handler 0000000180008110     vcruntimed:VCRUNTIME140D.dll
 0002:00000118       __imp___current_exception  0000000180008118     vcruntimed:VCRUNTIME140D.dll
 0002:00000120       __imp___std_type_info_name 0000000180008120     vcruntimed:VCRUNTIME140D.dll
 0002:00000128       __imp__purecall            0000000180008128     vcruntimed:VCRUNTIME140D.dll
 0002:00000130       __imp___current_exception_context 0000000180008130     vcruntimed:VCRUNTIME140D.dll
 0002:00000138       __imp___C_specific_handler_noexcept 0000000180008138     vcruntimed:VCRUNTIME140D.dll
 0002:00000140       __imp___vcrt_GetModuleFileNameW 0000000180008140     vcruntimed:VCRUNTIME140D.dll
 0002:00000148       __imp___vcrt_GetModuleHandleW 0000000180008148     vcruntimed:VCRUNTIME140D.dll
 0002:00000150       __imp___vcrt_LoadLibraryExW 0000000180008150     vcruntimed:VCRUNTIME140D.dll
 0002:00000158       __imp_memcpy               0000000180008158     vcruntimed:VCRUNTIME140D.dll
 0002:00000160       __imp_memset               0000000180008160     vcruntimed:VCRUNTIME140D.dll
 0002:00000168       \177VCRUNTIME140D_NULL_THUNK_DATA 0000000180008168     vcruntimed:VCRUNTIME140D.dll
 0002:00000170       __imp__initterm_e          0000000180008170     ucrtd:ucrtbased.dll
 0002:00000178       __imp__initialize_narrow_environment 0000000180008178     ucrtd:ucrtbased.dll
 0002:00000180       __imp__CrtDbgReportW       0000000180008180     ucrtd:ucrtbased.dll
 0002:00000188       __imp__CrtDbgReport        0000000180008188     ucrtd:ucrtbased.dll
 0002:00000190       __imp__free_dbg            0000000180008190     ucrtd:ucrtbased.dll
 0002:00000198       __imp__seh_filter_dll      0000000180008198     ucrtd:ucrtbased.dll
 0002:000001a0       __imp__configure_narrow_argv 00000001800081a0     ucrtd:ucrtbased.dll
 0002:000001a8       __imp__initialize_onexit_table 00000001800081a8     ucrtd:ucrtbased.dll
 0002:000001b0       __imp__register_onexit_function 00000001800081b0     ucrtd:ucrtbased.dll
 0002:000001b8       __imp__execute_onexit_table 00000001800081b8     ucrtd:ucrtbased.dll
 0002:000001c0       __imp__crt_atexit          00000001800081c0     ucrtd:ucrtbased.dll
 0002:000001c8       __imp__crt_at_quick_exit   00000001800081c8     ucrtd:ucrtbased.dll
 0002:000001d0       __imp__cexit               00000001800081d0     ucrtd:ucrtbased.dll
 0002:000001d8       __imp_wcscpy_s             00000001800081d8     ucrtd:ucrtbased.dll
 0002:000001e0       __imp__wsplitpath_s        00000001800081e0     ucrtd:ucrtbased.dll
 0002:000001e8       __imp_terminate            00000001800081e8     ucrtd:ucrtbased.dll
 0002:000001f0       __imp___stdio_common_vsprintf_s 00000001800081f0     ucrtd:ucrtbased.dll
 0002:000001f8       __imp_strcat_s             00000001800081f8     ucrtd:ucrtbased.dll
 0002:00000200       __imp__initterm            0000000180008200     ucrtd:ucrtbased.dll
 0002:00000208       __imp_strcpy_s             0000000180008208     ucrtd:ucrtbased.dll
 0002:00000210       __imp__wmakepath_s         0000000180008210     ucrtd:ucrtbased.dll
 0002:00000218       \177ucrtbased_NULL_THUNK_DATA 0000000180008218     ucrtd:ucrtbased.dll
 0002:00000220       __guard_check_icall_fptr   0000000180008220     MSVCRTD:guard_support.obj
 0002:00000228       __guard_xfg_check_icall_fptr 0000000180008228     MSVCRTD:guard_support.obj
 0002:00000230       __guard_dispatch_icall_fptr 0000000180008230     MSVCRTD:guard_support.obj
 0002:00000238       __guard_xfg_dispatch_icall_fptr 0000000180008238     MSVCRTD:guard_support.obj
 0002:00000240       __guard_xfg_table_dispatch_icall_fptr 0000000180008240     MSVCRTD:guard_support.obj
 0002:00000248       __castguard_check_failure_os_handled_fptr 0000000180008248     MSVCRTD:guard_support.obj
 0002:00000250       __guard_memcpy_fptr        0000000180008250     vcruntimed:softmemtag.obj
 0002:00000258       __xc_a                     0000000180008258     MSVCRTD:initializers.obj
 0002:00000290       __xc_z                     0000000180008290     MSVCRTD:initializers.obj
 0002:00000298       __xi_a                     0000000180008298     MSVCRTD:initializers.obj
 0002:000002a0       __xi_z                     00000001800082a0     MSVCRTD:initializers.obj
 0002:000002a8       __xp_a                     00000001800082a8     MSVCRTD:initializers.obj
 0002:000002b0       __xp_z                     00000001800082b0     MSVCRTD:initializers.obj
 0002:000002b8       __xt_a                     00000001800082b8     MSVCRTD:initializers.obj
 0002:000002c0       __xt_z                     00000001800082c0     MSVCRTD:initializers.obj
 0002:000002d0       ?g_PXSinCoefficients0@aos@physx@@3UPX_VECTORF32@12@B 00000001800082d0     Cooking.obj
 0002:000002e0       ?g_PXSinCoefficients1@aos@physx@@3UPX_VECTORF32@12@B 00000001800082e0     Cooking.obj
 0002:000002f0       ?g_PXSinCoefficients2@aos@physx@@3UPX_VECTORF32@12@B 00000001800082f0     Cooking.obj
 0002:00000300       ?g_PXCosCoefficients0@aos@physx@@3UPX_VECTORF32@12@B 0000000180008300     Cooking.obj
 0002:00000310       ?g_PXCosCoefficients1@aos@physx@@3UPX_VECTORF32@12@B 0000000180008310     Cooking.obj
 0002:00000320       ?g_PXCosCoefficients2@aos@physx@@3UPX_VECTORF32@12@B 0000000180008320     Cooking.obj
 0002:00000330       ?g_PXReciprocalTwoPi@aos@physx@@3UPX_VECTORF32@12@B 0000000180008330     Cooking.obj
 0002:00000340       ?g_PXTwoPi@aos@physx@@3UPX_VECTORF32@12@B 0000000180008340     Cooking.obj
 0002:00000370       ??_7PxFoundation@physx@@6B@ 0000000180008370     Cooking.obj
 0002:000003e0       ??_C@_0EJ@OPJBFMPB@C?3?2Dev?2PhysX?9106?41?9physx?95?44?42?2@ 00000001800083e0     Cooking.obj
 0002:00000430       ??_C@_0BM@OIFKLHDN@?$DMallocation?5names?5disabled?$DO@ 0000000180008430     Cooking.obj
 0002:00000450       ??_C@_0EC@CGMFADLP@C?3?2Dev?2PhysX?9106?41?9physx?95?44?42?2@ 0000000180008450     Cooking.obj
 0002:00000498       ??_C@_0BM@BMFMDKFG@this?9?$DOcapacity?$CI?$CJ?5?$DM?5capacity@ 0000000180008498     Cooking.obj
 0002:000004b8       ??_C@_0CP@CPGGIPKL@?$CI?$CBcapacity?$CJ?5?$HM?$HM?5?$CInewData?5?$CG?$CG?5?$CInew@ 00000001800084b8     Cooking.obj
 0002:000004e8       __real@3a83126f            00000001800084e8     Cooking.obj
 0002:000004ec       __real@ba83126f            00000001800084ec     Cooking.obj
 0002:000004f0       ??_C@_0BA@EGLNOO@PhysXFoundation@ 00000001800084f0     WindowsCookingDelayLoadHook.obj
 0002:00000500       ??_C@_0M@ILKNCJKN@PhysXCommon@ 0000000180008500     WindowsCookingDelayLoadHook.obj
 0002:00000510       __sz_PhysXCommon_64_dll    0000000180008510     PhysXCommon_64:PhysXCommon_64.dll
 0002:00000530       __sz_PhysXFoundation_64_dll 0000000180008530     PhysXFoundation_64:PhysXFoundation_64.dll
 0002:00000548       ??_C@_1BK@DBDEIDLH@?$AAK?$AAE?$AAR?$AAN?$AAE?$AAL?$AA3?$AA2?$AA?4?$AAD?$AAL?$AAL@ 0000000180008548     Delayimp:delayhlp.obj
 0002:00000568       ??_C@_0BI@OMNLIJDB@AcquireSRWLockExclusive@ 0000000180008568     Delayimp:delayhlp.obj
 0002:00000580       ??_C@_0BI@HMIEPCNJ@ReleaseSRWLockExclusive@ 0000000180008580     Delayimp:delayhlp.obj
 0002:00000598       __pfnDliFailureHook2       0000000180008598     Delayimp:delayhk1.obj
 0002:000005a0       __bChangeProtectionOfWholeDloadSection 00000001800085a0     Delayimp:delaygv1.obj
 0002:000005b0       ??_7type_info@@6B@         00000001800085b0     MSVCRTD:std_type_info_static.obj
 0002:000005b8       _pDefaultRawDllMain        00000001800085b8     MSVCRTD:dll_dllmain.obj
 0002:000005b8       _pRawDllMain               00000001800085b8     MSVCRTD:dll_dllmain.obj
 0002:000005c0       _load_config_used          00000001800085c0     MSVCRTD:loadcfg.obj
 0002:00000728       ??_C@_0BJ@HEGAHDFO@Stack?5pointer?5corruption@ 0000000180008728     MSVCRTD:userapi.obj
 0002:00000748       ??_C@_0CK@FEGOIOPB@Cast?5to?5smaller?5type?5causing?5lo@ 0000000180008748     MSVCRTD:userapi.obj
 0002:00000778       ??_C@_0BI@CIGMDCBH@Stack?5memory?5corruption@ 0000000180008778     MSVCRTD:userapi.obj
 0002:00000790       ??_C@_0CK@CNLNOEPB@Local?5variable?5used?5before?5init@ 0000000180008790     MSVCRTD:userapi.obj
 0002:000007c0       ??_C@_0BP@OGBCLIBO@Stack?5around?5_alloca?5corrupted@ 00000001800087c0     MSVCRTD:userapi.obj
 0002:000008a0       ??_C@_0NN@JMPELKLB@The?5value?5of?5ESP?5was?5not?5proper@ 00000001800088a0     MSVCRTD:error.obj
 0002:00000980       ??_C@_0BBN@ELNNILBE@A?5cast?5to?5a?5smaller?5data?5type?5h@ 0000000180008980     MSVCRTD:error.obj
 0002:00000aa0       ??_C@_0BN@BPOGFMJL@Stack?5memory?5was?5corrupted?$AN?6@ 0000000180008aa0     MSVCRTD:error.obj
 0002:00000ac0       ??_C@_0DG@DAJCDLPN@A?5local?5variable?5was?5used?5befor@ 0000000180008ac0     MSVCRTD:error.obj
 0002:00000af8       ??_C@_0CM@JMIDGKLA@Stack?5memory?5around?5_alloca?5was@ 0000000180008af8     MSVCRTD:error.obj
 0002:00000b28       ??_C@_0BO@CHIONIOI@Unknown?5Runtime?5Check?5Error?$AN?6@ 0000000180008b28     MSVCRTD:error.obj
 0002:00000b50       ??_C@_1GM@CNOOJIHC@?$AAR?$AAu?$AAn?$AAt?$AAi?$AAm?$AAe?$AA?5?$AAC?$AAh?$AAe?$AAc?$AAk?$AA?5?$AAE@ 0000000180008b50     MSVCRTD:error.obj
 0002:00000bc0       ??_C@_1EA@NFKNIFJP@?$AAR?$AAu?$AAn?$AA?9?$AAT?$AAi?$AAm?$AAe?$AA?5?$AAC?$AAh?$AAe?$AAc?$AAk?$AA?5@ 0000000180008bc0     MSVCRTD:error.obj
 0002:00000c00       ??_C@_0BB@PFFGGCJP@Unknown?5Filename@ 0000000180008c00     MSVCRTD:error.obj
 0002:00000c18       ??_C@_0BE@GNBOBNCK@Unknown?5Module?5Name@ 0000000180008c18     MSVCRTD:error.obj
 0002:00000c30       ??_C@_0CA@IODNCDPG@Run?9Time?5Check?5Failure?5?$CD?$CFd?5?9?5?$CFs@ 0000000180008c30     MSVCRTD:error.obj
 0002:00000c50       ??_C@_0CG@IAFNJNEE@Stack?5corrupted?5near?5unknown?5va@ 0000000180008c50     MSVCRTD:error.obj
 0002:00000c78       ??_C@_05MKKEDADM@?$CF?42X?5@ 0000000180008c78     MSVCRTD:error.obj
 0002:00000c80       ??_C@_0EJ@LJKNEOLN@Stack?5area?5around?5_alloca?5memor@ 0000000180008c80     MSVCRTD:error.obj
 0002:00000ccc       ??_C@_01EEMJAFIK@?6@       0000000180008ccc     MSVCRTD:error.obj
 0002:00000cd0       ??_C@_02LLMPMKNF@?$DO?5@   0000000180008cd0     MSVCRTD:error.obj
 0002:00000cd8       ??_C@_08OMAHNMHJ@?6Data?3?5?$DM@ 0000000180008cd8     MSVCRTD:error.obj
 0002:00000ce8       ??_C@_0CK@DKGBICFE@?6Allocation?5number?5within?5this?5@ 0000000180008ce8     MSVCRTD:error.obj
 0002:00000d18       ??_C@_07DFDJCKFN@?6Size?3?5@ 0000000180008d18     MSVCRTD:error.obj
 0002:00000d20       ??_C@_0N@MHFFIMFG@?6Address?3?50x@ 0000000180008d20     MSVCRTD:error.obj
 0002:00000d30       ??_C@_0EI@CLEPFNGI@Stack?5area?5around?5_alloca?5memor@ 0000000180008d30     MSVCRTD:error.obj
 0002:00000d78       ??_C@_0BK@ODNDAGKB@?$CFs?$CFs?$CFp?$CFs?$CFzd?$CFs?$CFd?$CFs?$CFs?$CFs?$CFs?$CFs@ 0000000180008d78     MSVCRTD:error.obj
 0002:00000d98       ??_C@_0DE@OHJBPMBP@A?5variable?5is?5being?5used?5withou@ 0000000180008d98     MSVCRTD:error.obj
 0002:00000e30       ??_C@_1EI@MLPKHBGE@?$AAa?$AAp?$AAi?$AA?9?$AAm?$AAs?$AA?9?$AAw?$AAi?$AAn?$AA?9?$AAc?$AAo?$AAr?$AAe@ 0000000180008e30     MSVCRTD:pdblkup.obj
 0002:00000e78       ??_C@_1BK@JHLNAEJL@?$AAa?$AAd?$AAv?$AAa?$AAp?$AAi?$AA3?$AA2?$AA?4?$AAd?$AAl?$AAl@ 0000000180008e78     MSVCRTD:pdblkup.obj
 0002:00000e98       ??_C@_0O@COHOBMLB@RegOpenKeyExW@ 0000000180008e98     MSVCRTD:pdblkup.obj
 0002:00000ea8       ??_C@_0BB@GLNAEDBD@RegQueryValueExW@ 0000000180008ea8     MSVCRTD:pdblkup.obj
 0002:00000ec0       ??_C@_0M@HLOHPNFA@RegCloseKey@ 0000000180008ec0     MSVCRTD:pdblkup.obj
 0002:00000ed0       ??_C@_1HE@EBEAGLFB@?$AAS?$AAO?$AAF?$AAT?$AAW?$AAA?$AAR?$AAE?$AA?2?$AAW?$AAo?$AAw?$AA6?$AA4?$AA3@ 0000000180008ed0     MSVCRTD:pdblkup.obj
 0002:00000f48       ??_C@_1BG@EABPBLLF@?$AAP?$AAr?$AAo?$AAd?$AAu?$AAc?$AAt?$AAD?$AAi?$AAr@ 0000000180008f48     MSVCRTD:pdblkup.obj
 0002:00000f80       ??_C@_1BC@JINFINNJ@?$AAM?$AAS?$AAP?$AAD?$AAB?$AA1?$AA4?$AA0@ 0000000180008f80     MSVCRTD:pdblkup.obj
 0002:00000f98       ??_C@_0BB@KCIACLNC@PDBOpenValidate5@ 0000000180008f98     MSVCRTD:pdblkup.obj
 0002:00000fac       ??_C@_01KDCPPGHE@r@        0000000180008fac     MSVCRTD:pdblkup.obj
 0002:00001080       __CastGuardVftablesStart   0000000180009080     MSVCRTD:guard_support.obj
 0002:00001100       __CastGuardVftablesEnd     0000000180009100     MSVCRTD:guard_support.obj
 0002:00001180       ??_R4type_info@@6B@        0000000180009180     MSVCRTD:std_type_info_static.obj
 0002:000011a8       ??_R3type_info@@8          00000001800091a8     MSVCRTD:std_type_info_static.obj
 0002:000011c0       ??_R2type_info@@8          00000001800091c0     MSVCRTD:std_type_info_static.obj
 0002:000011d0       ??_R1A@?0A@EA@type_info@@8 00000001800091d0     MSVCRTD:std_type_info_static.obj
 0002:000011f4       __volatile_metadata        00000001800091f4     <linker-defined>
 0002:00001700       __rtc_iaa                  0000000180009700     MSVCRTD:initsect.obj
 0002:00001718       __rtc_izz                  0000000180009718     MSVCRTD:initsect.obj
 0002:00001720       __rtc_taa                  0000000180009720     MSVCRTD:initsect.obj
 0002:00001738       __rtc_tzz                  0000000180009738     MSVCRTD:initsect.obj
 0002:00001f74       __DELAY_IMPORT_DESCRIPTOR_physxcommon_64_dll 0000000180009f74     PhysXCommon_64:PhysXCommon_64.dll
 0002:00001f94       __DELAY_IMPORT_DESCRIPTOR_physxfoundation_64_dll 0000000180009f94     PhysXFoundation_64:PhysXFoundation_64.dll
 0002:00001fb4       __NULL_DELAY_IMPORT_DESCRIPTOR 0000000180009fb4     PhysXCommon_64:PhysXCommon_64.dll
 0002:00002098       \177PhysXCommon_64_NULL_THUNK_DATA_DLN 000000018000a098     PhysXCommon_64:PhysXCommon_64.dll
 0002:000020b0       \177PhysXFoundation_64_NULL_THUNK_DATA_DLN 000000018000a0b0     PhysXFoundation_64:PhysXFoundation_64.dll
 0002:00002368       \177PhysXCommon_64_NULL_THUNK_DATA_DLB 000000018000a368     PhysXCommon_64:PhysXCommon_64.dll
 0002:00002430       \177PhysXFoundation_64_NULL_THUNK_DATA_DLB 000000018000a430     PhysXFoundation_64:PhysXFoundation_64.dll
 0002:00003064       __IMPORT_DESCRIPTOR_KERNEL32 000000018000b064     kernel32:KERNEL32.dll
 0002:00003078       __IMPORT_DESCRIPTOR_VCRUNTIME140D 000000018000b078     vcruntimed:VCRUNTIME140D.dll
 0002:0000308c       __IMPORT_DESCRIPTOR_ucrtbased 000000018000b08c     ucrtd:ucrtbased.dll
 0002:000030a0       __NULL_IMPORT_DESCRIPTOR   000000018000b0a0     kernel32:KERNEL32.dll
 0003:00000000       __pfnDliNotifyHook2        000000018000c000     WindowsCookingDelayLoadHook.obj
 0003:00000008       _fltused                   000000018000c008     MSVCRTD:fltused.obj
 0003:0000000c       __scrt_native_dllmain_reason 000000018000c00c     MSVCRTD:utility.obj
 0003:00000040       __security_cookie          000000018000c040     MSVCRTD:gs_cookie.obj
 0003:00000080       __security_cookie_complement 000000018000c080     MSVCRTD:gs_cookie.obj
 0003:00000090       ?_RTC_ErrorLevels@@3PAHA   000000018000c090     MSVCRTD:error.obj
 0003:000000a8       __isa_inverted             000000018000c0a8     MSVCRTD:cpu_disp.obj
 0003:000000b0       __isa_available            000000018000c0b0     MSVCRTD:cpu_disp.obj
 0003:000000b4       __isa_enabled              000000018000c0b4     MSVCRTD:cpu_disp.obj
 0003:000000b8       __memset_fast_string_threshold 000000018000c0b8     MSVCRTD:cpu_disp.obj
 0003:000000c0       __memset_nt_threshold      000000018000c0c0     MSVCRTD:cpu_disp.obj
 0003:000000d0       __scrt_ucrt_dll_is_in_use  000000018000c0d0     MSVCRTD:ucrt_stubs.obj
 0003:000000d8       ??_R0?AVBVH@Gu@physx@@@8   000000018000c0d8     Cooking.obj
 0003:00000100       ??_R0?AVBV4TriangleMesh@Gu@physx@@@8 000000018000c100     Cooking.obj
 0003:00000130       ??_R0?AUSlab@NodeAllocator@Gu@physx@@@8 000000018000c130     Cooking.obj
 0003:00000168       ??_R0?AVtype_info@@@8      000000018000c168     MSVCRTD:std_type_info_static.obj
 0003:00000188       __imp_getInsertionCallback 000000018000c188     PhysXCommon_64:PhysXCommon_64.dll
 0003:00000190       __imp_??0BV4TriangleMesh@Gu@physx@@QEAA@AEBUPxTriangleMeshInternalData@2@@Z 000000018000c190     PhysXCommon_64:PhysXCommon_64.dll
 0003:00000198       __imp_cookBVH              000000018000c198     PhysXCommon_64:PhysXCommon_64.dll
 0003:000001a0       __imp_createBVH            000000018000c1a0     PhysXCommon_64:PhysXCommon_64.dll
 0003:000001a8       __imp_cookHeightField      000000018000c1a8     PhysXCommon_64:PhysXCommon_64.dll
 0003:000001b0       __imp_createHeightField    000000018000c1b0     PhysXCommon_64:PhysXCommon_64.dll
 0003:000001b8       __imp_cookConvexMesh       000000018000c1b8     PhysXCommon_64:PhysXCommon_64.dll
 0003:000001c0       __imp_createConvexMesh     000000018000c1c0     PhysXCommon_64:PhysXCommon_64.dll
 0003:000001c8       __imp_validateConvexMesh   000000018000c1c8     PhysXCommon_64:PhysXCommon_64.dll
 0003:000001d0       __imp_computeHullPolygons  000000018000c1d0     PhysXCommon_64:PhysXCommon_64.dll
 0003:000001d8       __imp_validateTriangleMesh 000000018000c1d8     PhysXCommon_64:PhysXCommon_64.dll
 0003:000001e0       __imp_createTriangleMesh   000000018000c1e0     PhysXCommon_64:PhysXCommon_64.dll
 0003:000001e8       __imp_cookTriangleMesh     000000018000c1e8     PhysXCommon_64:PhysXCommon_64.dll
 0003:000001f0       __imp_cookTetrahedronMesh  000000018000c1f0     PhysXCommon_64:PhysXCommon_64.dll
 0003:000001f8       __imp_createTetrahedronMesh 000000018000c1f8     PhysXCommon_64:PhysXCommon_64.dll
 0003:00000200       __imp_cookSoftBodyMesh     000000018000c200     PhysXCommon_64:PhysXCommon_64.dll
 0003:00000208       __imp_createSoftBodyMesh   000000018000c208     PhysXCommon_64:PhysXCommon_64.dll
 0003:00000210       __imp_computeModelsMapping 000000018000c210     PhysXCommon_64:PhysXCommon_64.dll
 0003:00000218       __imp_computeCollisionData 000000018000c218     PhysXCommon_64:PhysXCommon_64.dll
 0003:00000220       __imp_computeSimulationData 000000018000c220     PhysXCommon_64:PhysXCommon_64.dll
 0003:00000228       __imp_assembleSoftBodyMesh 000000018000c228     PhysXCommon_64:PhysXCommon_64.dll
 0003:00000230       __imp_assembleSoftBodyMesh_Sim 000000018000c230     PhysXCommon_64:PhysXCommon_64.dll
 0003:00000238       __imp_?release@AABBTreeBounds@Gu@physx@@QEAAXXZ 000000018000c238     PhysXCommon_64:PhysXCommon_64.dll
 0003:00000240       __imp_??0BVH@Gu@physx@@QEAA@AEBUPxBVHInternalData@2@@Z 000000018000c240     PhysXCommon_64:PhysXCommon_64.dll
 0003:00000248       \177PhysXCommon_64_NULL_THUNK_DATA_DLA 000000018000c248     PhysXCommon_64:PhysXCommon_64.dll
 0003:00000250       __imp_PxGetBroadcastAllocator 000000018000c250     PhysXFoundation_64:PhysXFoundation_64.dll
 0003:00000258       __imp_?PxAssert@physx@@YAXPEBD0HAEA_N@Z 000000018000c258     PhysXFoundation_64:PhysXFoundation_64.dll
 0003:00000260       \177PhysXFoundation_64_NULL_THUNK_DATA_DLA 000000018000c260     PhysXFoundation_64:PhysXFoundation_64.dll
 0003:000002d0       ?_ignore@?2??grow@?$PxArray@USlab@NodeAllocator@Gu@physx@@V?$PxReflectionAllocator@USlab@NodeAllocator@Gu@physx@@@4@@physx@@IEAAXI@Z@4_NA 000000018000c2d0     Cooking.obj
 0003:000002d1       ?_ignore@?2??recreate@?$PxArray@USlab@NodeAllocator@Gu@physx@@V?$PxReflectionAllocator@USlab@NodeAllocator@Gu@physx@@@4@@physx@@IEAAXI@Z@4_NA 000000018000c2d1     Cooking.obj
 0003:000002e0       __hmod__PhysXCommon_64_dll 000000018000c2e0     PhysXCommon_64:PhysXCommon_64.dll
 0003:000002e8       __hmod__PhysXFoundation_64_dll 000000018000c2e8     PhysXFoundation_64:PhysXFoundation_64.dll
 0003:000002f0       ?DloadKernel32@@3PEAUHINSTANCE__@@EA 000000018000c2f0     Delayimp:delayhlp.obj
 0003:000002f8       ?DloadAcquireSRWLockExclusive@@3P6AXPEA_K@ZEA 000000018000c2f8     Delayimp:delayhlp.obj
 0003:00000300       ?DloadReleaseSRWLockExclusive@@3P6AXPEA_K@ZEA 000000018000c300     Delayimp:delayhlp.obj
 0003:00000308       ?DloadSrwLock@@3_KA        000000018000c308     Delayimp:delayhlp.obj
 0003:00000310       ?DloadSectionLockCount@@3KA 000000018000c310     Delayimp:delayhlp.obj
 0003:00000314       ?DloadSectionOldProtection@@3KA 000000018000c314     Delayimp:delayhlp.obj
 0003:00000318       ?DloadSectionCommitPermanent@@3KA 000000018000c318     Delayimp:delayhlp.obj
 0003:00000320       ?__type_info_root_node@@3U__type_info_node@@A 000000018000c320     MSVCRTD:tncleanup.obj
 0003:00000338       __castguard_check_failure_user_handled_fptr 000000018000c338     MSVCRTD:guard_support.obj
 0003:00000350       ?_OptionsStorage@?1??__local_stdio_printf_options@@9@4_KA 000000018000c350     MSVCRTD:default_local_stdio_options.obj
 0003:00000358       ?_OptionsStorage@?1??__local_stdio_scanf_options@@9@4_KA 000000018000c358     MSVCRTD:default_local_stdio_options.obj
 0003:00000360       __scrt_current_native_startup_state 000000018000c360     MSVCRTD:utility.obj
 0003:00000368       __scrt_native_startup_lock 000000018000c368     MSVCRTD:utility.obj
 0003:000003a8       __scrt_debugger_hook_flag  000000018000c3a8     MSVCRTD:utility_desktop.obj
 0003:000003ac       __avx10_version            000000018000c3ac     MSVCRTD:cpu_disp.obj
 0003:000003b0       __favor                    000000018000c3b0     MSVCRTD:cpu_disp.obj
 0003:00000940       __dyn_tls_init_callback    000000018000c940     <common>

 entry point at        0001:00003300

 Static symbols

 0000:ffff0000       .debug$S                   0000000180000000     PhysXCooking_64.exp
 0000:ffff0000       .debug$S                   0000000180000000     PhysXCommon_64:PhysXCommon_64.dll
 0000:ffff0000       .debug$S                   0000000180000000     PhysXCommon_64:PhysXCommon_64.dll
 0000:ffff0000       .debug$S                   0000000180000000     PhysXCommon_64:PhysXCommon_64.dll
 0000:ffff0000       .debug$S                   0000000180000000     PhysXCommon_64:PhysXCommon_64.dll
 0000:ffff0000       .debug$S                   0000000180000000     PhysXCommon_64:PhysXCommon_64.dll
 0000:ffff0000       .debug$S                   0000000180000000     PhysXCommon_64:PhysXCommon_64.dll
 0000:ffff0000       .debug$S                   0000000180000000     PhysXCommon_64:PhysXCommon_64.dll
 0000:ffff0000       .debug$S                   0000000180000000     PhysXCommon_64:PhysXCommon_64.dll
 0000:ffff0000       .debug$S                   0000000180000000     PhysXCommon_64:PhysXCommon_64.dll
 0000:ffff0000       .debug$S                   0000000180000000     PhysXCommon_64:PhysXCommon_64.dll
 0000:ffff0000       .debug$S                   0000000180000000     PhysXCommon_64:PhysXCommon_64.dll
 0000:ffff0000       .debug$S                   0000000180000000     PhysXCommon_64:PhysXCommon_64.dll
 0000:ffff0000       .debug$S                   0000000180000000     PhysXCommon_64:PhysXCommon_64.dll
 0000:ffff0000       .debug$S                   0000000180000000     PhysXCommon_64:PhysXCommon_64.dll
 0000:ffff0000       .debug$S                   0000000180000000     PhysXCommon_64:PhysXCommon_64.dll
 0000:ffff0000       .debug$S                   0000000180000000     PhysXCommon_64:PhysXCommon_64.dll
 0000:ffff0000       .debug$S                   0000000180000000     PhysXCommon_64:PhysXCommon_64.dll
 0000:ffff0000       .debug$S                   0000000180000000     PhysXCommon_64:PhysXCommon_64.dll
 0000:ffff0000       .debug$S                   0000000180000000     PhysXCommon_64:PhysXCommon_64.dll
 0000:ffff0000       .debug$S                   0000000180000000     PhysXCommon_64:PhysXCommon_64.dll
 0000:ffff0000       .debug$S                   0000000180000000     PhysXCommon_64:PhysXCommon_64.dll
 0000:ffff0000       .debug$S                   0000000180000000     PhysXCommon_64:PhysXCommon_64.dll
 0000:ffff0000       .debug$S                   0000000180000000     PhysXCommon_64:PhysXCommon_64.dll
 0000:ffff0000       .debug$S                   0000000180000000     PhysXCommon_64:PhysXCommon_64.dll
 0000:ffff0000       .debug$S                   0000000180000000     PhysXFoundation_64:PhysXFoundation_64.dll
 0000:ffff0000       .debug$S                   0000000180000000     PhysXFoundation_64:PhysXFoundation_64.dll
 0000:ffff0000       .debug$S                   0000000180000000     ucrtd:ucrtbased.dll
 0000:ffff0000       .debug$S                   0000000180000000     ucrtd:ucrtbased.dll
 0000:ffff0000       .debug$S                   0000000180000000     ucrtd:ucrtbased.dll
 0000:ffff0000       .debug$S                   0000000180000000     ucrtd:ucrtbased.dll
 0000:ffff0000       .debug$S                   0000000180000000     ucrtd:ucrtbased.dll
 0000:ffff0000       .debug$S                   0000000180000000     ucrtd:ucrtbased.dll
 0000:ffff0000       .debug$S                   0000000180000000     ucrtd:ucrtbased.dll
 0000:ffff0000       .debug$S                   0000000180000000     ucrtd:ucrtbased.dll
 0000:ffff0000       .debug$S                   0000000180000000     ucrtd:ucrtbased.dll
 0000:ffff0000       .debug$S                   0000000180000000     ucrtd:ucrtbased.dll
 0000:ffff0000       .debug$S                   0000000180000000     ucrtd:ucrtbased.dll
 0000:ffff0000       .debug$S                   0000000180000000     ucrtd:ucrtbased.dll
 0000:ffff0000       .debug$S                   0000000180000000     ucrtd:ucrtbased.dll
 0000:ffff0000       .debug$S                   0000000180000000     ucrtd:ucrtbased.dll
 0000:ffff0000       .debug$S                   0000000180000000     ucrtd:ucrtbased.dll
 0000:ffff0000       .debug$S                   0000000180000000     ucrtd:ucrtbased.dll
 0000:ffff0000       .debug$S                   0000000180000000     ucrtd:ucrtbased.dll
 0000:ffff0000       .debug$S                   0000000180000000     ucrtd:ucrtbased.dll
 0000:ffff0000       .debug$S                   0000000180000000     ucrtd:ucrtbased.dll
 0000:ffff0000       .debug$S                   0000000180000000     ucrtd:ucrtbased.dll
 0000:ffff0000       .debug$S                   0000000180000000     ucrtd:ucrtbased.dll
 0000:ffff0000       .debug$S                   0000000180000000     kernel32:KERNEL32.dll
 0000:ffff0000       .debug$S                   0000000180000000     kernel32:KERNEL32.dll
 0000:ffff0000       .debug$S                   0000000180000000     kernel32:KERNEL32.dll
 0000:ffff0000       .debug$S                   0000000180000000     kernel32:KERNEL32.dll
 0000:ffff0000       .debug$S                   0000000180000000     kernel32:KERNEL32.dll
 0000:ffff0000       .debug$S                   0000000180000000     kernel32:KERNEL32.dll
 0000:ffff0000       .debug$S                   0000000180000000     kernel32:KERNEL32.dll
 0000:ffff0000       .debug$S                   0000000180000000     kernel32:KERNEL32.dll
 0000:ffff0000       .debug$S                   0000000180000000     kernel32:KERNEL32.dll
 0000:ffff0000       .debug$S                   0000000180000000     kernel32:KERNEL32.dll
 0000:ffff0000       .debug$S                   0000000180000000     kernel32:KERNEL32.dll
 0000:ffff0000       .debug$S                   0000000180000000     kernel32:KERNEL32.dll
 0000:ffff0000       .debug$S                   0000000180000000     kernel32:KERNEL32.dll
 0000:ffff0000       .debug$S                   0000000180000000     kernel32:KERNEL32.dll
 0000:ffff0000       .debug$S                   0000000180000000     kernel32:KERNEL32.dll
 0000:ffff0000       .debug$S                   0000000180000000     kernel32:KERNEL32.dll
 0000:ffff0000       .debug$S                   0000000180000000     kernel32:KERNEL32.dll
 0000:ffff0000       .debug$S                   0000000180000000     kernel32:KERNEL32.dll
 0000:ffff0000       .debug$S                   0000000180000000     kernel32:KERNEL32.dll
 0000:ffff0000       .debug$S                   0000000180000000     kernel32:KERNEL32.dll
 0000:ffff0000       .debug$S                   0000000180000000     kernel32:KERNEL32.dll
 0000:ffff0000       .debug$S                   0000000180000000     kernel32:KERNEL32.dll
 0000:ffff0000       .debug$S                   0000000180000000     kernel32:KERNEL32.dll
 0000:ffff0000       .debug$S                   0000000180000000     kernel32:KERNEL32.dll
 0000:ffff0000       .debug$S                   0000000180000000     kernel32:KERNEL32.dll
 0000:ffff0000       .debug$S                   0000000180000000     kernel32:KERNEL32.dll
 0000:ffff0000       .debug$S                   0000000180000000     kernel32:KERNEL32.dll
 0000:ffff0000       .debug$S                   0000000180000000     kernel32:KERNEL32.dll
 0000:ffff0000       .debug$S                   0000000180000000     kernel32:KERNEL32.dll
 0000:ffff0000       .debug$S                   0000000180000000     kernel32:KERNEL32.dll
 0000:ffff0000       .debug$S                   0000000180000000     kernel32:KERNEL32.dll
 0000:00000000       _volmd                     0000000180000000     Delayimp:delayhlp.obj
 0000:00000000       _volmd                     0000000180000000     Delayimp:delayhlp.obj
 0000:00000000       _volmd                     0000000180000000     Delayimp:delayhlp.obj
 0000:00000000       _volmd                     0000000180000000     Delayimp:delayhlp.obj
 0000:00000000       _volmd                     0000000180000000     Delayimp:delayhlp.obj
 0000:00000000       _volmd                     0000000180000000     Delayimp:delayhlp.obj
 0000:00000000       _volmd                     0000000180000000     Delayimp:delayhlp.obj
 0000:00000000       _volmd                     0000000180000000     Delayimp:delayhlp.obj
 0000:00000000       _volmd                     0000000180000000     Delayimp:delayhlp.obj
 0000:00000000       _volmd                     0000000180000000     Delayimp:delayhlp.obj
 0000:00000000       _volmd                     0000000180000000     Delayimp:delayhlp.obj
 0000:00000000       _volmd                     0000000180000000     Delayimp:delayhlp.obj
 0000:00000000       _volmd                     0000000180000000     Delayimp:delayhlp.obj
 0000:00000000       _volmd                     0000000180000000     MSVCRTD:cpu_disp.obj
 0002:ffff8000       __guard_ehcont_?dllmain_dispatch@@YAHQEAUHINSTANCE__@@KQEAX@Z 0000000180000000     MSVCRTD:dll_dllmain.obj
 0002:ffff8000       __guard_fids_?dllmain_dispatch@@YAHQEAUHINSTANCE__@@KQEAX@Z 0000000180000000     MSVCRTD:dll_dllmain.obj
 0002:ffff8000       __guard_ehcont_?notify_debugger@@YAXAEBUtagEXCEPTION_VISUALCPP_DEBUG_INFO@@@Z 0000000180000000     MSVCRTD:error.obj
 0000:00000000       _volmd                     0000000180000000     MSVCRTD:gs_report.obj
 0000:00000000       _volmd                     0000000180000000     MSVCRTD:gs_report.obj
 0000:00000000       _volmd                     0000000180000000     MSVCRTD:gs_report.obj
 0002:ffff8000       __guard_fids__             0000000180000000     MSVCRTD:guard_support.obj
 0002:ffff8000       __guard_fids__             0000000180000000     MSVCRTD:guard_support.obj
 0002:ffff8000       __guard_fids__guard_icall_checks_enforced 0000000180000000     MSVCRTD:guard_support.obj
 0000:00000000       _volmd                     0000000180000000     MSVCRTD:guard_support.obj
 0000:00000000       _volmd                     0000000180000000     MSVCRTD:guard_support.obj
 0002:ffff8000       __guard_fids__CRT_RTC_INIT 0000000180000000     MSVCRTD:init.obj
 0002:ffff8000       __guard_fids__CRT_RTC_INITW 0000000180000000     MSVCRTD:init.obj
 0002:ffff8000       __guard_fids__             0000000180000000     MSVCRTD:std_type_info_static.obj
 0002:ffff8000       __guard_ehcont___scrt_is_nonwritable_in_current_image 0000000180000000     MSVCRTD:utility.obj
 0000:00000000       _volmd                     0000000180000000     MSVCRTD:utility.obj
 0000:00000000       _volmd                     0000000180000000     MSVCRTD:utility.obj
 0000:00000000       _volmd                     0000000180000000     MSVCRTD:utility.obj
 0002:ffff8000       __guard_fids___scrt_set_unhandled_exception_filter 0000000180000000     MSVCRTD:utility_desktop.obj
 0000:00000000       _volmd                     0000000180000000     MSVCRTD:utility_desktop.obj
 0002:ffff8000       __guard_fids__             0000000180000000     vcruntimed:softmemtag.obj
 0000:ffff0000       .debug$S                   0000000180000000     vcruntimed:VCRUNTIME140D.dll
 0000:ffff0000       .debug$S                   0000000180000000     vcruntimed:VCRUNTIME140D.dll
 0000:ffff0000       .debug$S                   0000000180000000     vcruntimed:VCRUNTIME140D.dll
 0000:ffff0000       .debug$S                   0000000180000000     vcruntimed:VCRUNTIME140D.dll
 0000:ffff0000       .debug$S                   0000000180000000     vcruntimed:VCRUNTIME140D.dll
 0000:ffff0000       .debug$S                   0000000180000000     vcruntimed:VCRUNTIME140D.dll
 0000:ffff0000       .debug$S                   0000000180000000     vcruntimed:VCRUNTIME140D.dll
 0000:ffff0000       .debug$S                   0000000180000000     vcruntimed:VCRUNTIME140D.dll
 0000:ffff0000       .debug$S                   0000000180000000     vcruntimed:VCRUNTIME140D.dll
 0000:ffff0000       .debug$S                   0000000180000000     vcruntimed:VCRUNTIME140D.dll
[...]
 0002:00001a48       $unwind$?DloadMakePermanentImageCommit@@YAXPEAX_K@Z 0000000180009a48     Delayimp:delayhlp.obj
 0002:00001a54       $unwind$?DloadProtectSection@@YAXPEAX_KKPEAK@Z 0000000180009a54     Delayimp:delayhlp.obj
 0002:00001a6c       $unwind$?DloadAcquireSectionWriteAccess@@YAXXZ 0000000180009a6c     Delayimp:delayhlp.obj
 0002:00001a74       $unwind$?DloadReleaseSectionWriteAccess@@YAXXZ 0000000180009a74     Delayimp:delayhlp.obj
 0002:00001a7c       $unwind$?PiddFromDllName@@YAPEBUImgDelayDescr@@PEBD@Z 0000000180009a7c     Delayimp:delayhlp.obj
 0002:00001a84       $unwind$__delayLoadHelper2 0000000180009a84     Delayimp:delayhlp.obj
 0002:00001aa0       $unwind$??$GuardedWrite@V<lambda_7ce9785d57ad9101eca44ba76fd23ffb>@@@@YAXPEAX_KV<lambda_7ce9785d57ad9101eca44ba76fd23ffb>@@@Z 0000000180009aa0     Delayimp:delayhlp.obj
 0002:00001ab4       $unwind$??$GuardedWrite@V<lambda_12c727982ba8706383613920a2bbfa17>@@@@YAXPEAX_KV<lambda_12c727982ba8706383613920a2bbfa17>@@@Z 0000000180009ab4     Delayimp:delayhlp.obj
 0002:00001ac8       $unwind$??3@YAXPEAX@Z      0000000180009ac8     MSVCRTD:delete_scalar.obj
 0002:00001ad0       $unwind$??3@YAXPEAX_K@Z    0000000180009ad0     MSVCRTD:delete_scalar_size.obj
 0002:00001ad8       $unwind$??_V@YAXPEAX@Z     0000000180009ad8     MSVCRTD:delete_array.obj
 0002:00001ae0       $unwind$??_V@YAXPEAX_K@Z   0000000180009ae0     MSVCRTD:delete_array_size.obj
 0002:00001ae8       $unwind$_RTC_Shutdown      0000000180009ae8     MSVCRTD:init.obj
 0002:00001af0       $unwind$_RTC_InitBase      0000000180009af0     MSVCRTD:init.obj
 0002:00001af8       $unwind$??_Gtype_info@@UEAAPEAXI@Z 0000000180009af8     MSVCRTD:std_type_info_static.obj
 0002:00001b00       $unwind$?__scrt_initialize_type_info@@YAXXZ 0000000180009b00     MSVCRTD:tncleanup.obj
 0002:00001b08       $unwind$?__scrt_uninitialize_type_info@@YAXXZ 0000000180009b08     MSVCRTD:tncleanup.obj
 0002:00001b10       $unwind$?dllmain_crt_process_attach@@YAHQEAUHINSTANCE__@@QEAX@Z 0000000180009b10     MSVCRTD:dll_dllmain.obj
 0002:00001b30       $unwind$?fin$0@?0??dllmain_crt_process_attach@@YAHQEAUHINSTANCE__@@QEAX@Z@4HA 0000000180009b30     MSVCRTD:dll_dllmain.obj
 0002:00001b38       $unwind$?dllmain_crt_process_detach@@YAH_N@Z 0000000180009b38     MSVCRTD:dll_dllmain.obj
 0002:00001b68       $unwind$?fin$0@?0??dllmain_crt_process_detach@@YAH_N@Z@4HA 0000000180009b68     MSVCRTD:dll_dllmain.obj
 0002:00001b70       $unwind$?fin$1@?0??dllmain_crt_process_detach@@YAH_N@Z@4HA 0000000180009b70     MSVCRTD:dll_dllmain.obj
 0002:00001b78       $unwind$?dllmain_crt_dispatch@@YAHQEAUHINSTANCE__@@KQEAX@Z 0000000180009b78     MSVCRTD:dll_dllmain.obj
 0002:00001b80       $unwind$_CRT_INIT          0000000180009b80     MSVCRTD:dll_dllmain.obj
 0002:00001b88       $unwind$?dllmain_raw@@YAHQEAUHINSTANCE__@@KQEAX@Z 0000000180009b88     MSVCRTD:dll_dllmain.obj
 0002:00001b90       $unwind$?dllmain_dispatch@@YAHQEAUHINSTANCE__@@KQEAX@Z 0000000180009b90     MSVCRTD:dll_dllmain.obj
 0002:00001bb0       $unwind$?filt$0@?0??dllmain_dispatch@@YAHQEAUHINSTANCE__@@KQEAX@Z@4HA 0000000180009bb0     MSVCRTD:dll_dllmain.obj
 0002:00001bb8       $unwind$_DllMainCRTStartup 0000000180009bb8     MSVCRTD:dll_dllmain.obj
 0002:00001bc0       $unwind$ReadNoFence64      0000000180009bc0     MSVCRTD:guard_support.obj
 0002:00001bc8       $unwind$ReadPointerNoFence 0000000180009bc8     MSVCRTD:guard_support.obj
 0002:00001bd0       $unwind$__castguard_set_user_handler 0000000180009bd0     MSVCRTD:guard_support.obj
 0002:00001bd8       $unwind$_guard_icall_checks_enforced 0000000180009bd8     MSVCRTD:guard_support.obj
 0002:00001be0       $unwind$__castguard_compat_check 0000000180009be0     MSVCRTD:guard_support.obj
 0002:00001be8       $unwind$__castguard_check_failure_os_handled_wrapper 0000000180009be8     MSVCRTD:guard_support.obj
 0002:00001bf0       $unwind$__castguard_check_failure_user_handled_wrapper 0000000180009bf0     MSVCRTD:guard_support.obj
 0002:00001bf8       $unwind$__castguard_check_failure_debugbreak 0000000180009bf8     MSVCRTD:guard_support.obj
 0002:00001c00       $unwind$__castguard_check_failure_fastfail 0000000180009c00     MSVCRTD:guard_support.obj
 0002:00001c08       $unwind$__castguard_check_failure_os_handled 0000000180009c08     MSVCRTD:guard_support.obj
 0002:00001c10       $unwind$__castguard_check_failure_user_handled 0000000180009c10     MSVCRTD:guard_support.obj
 0002:00001c18       $unwind$__castguard_slow_path_compat_check 0000000180009c18     MSVCRTD:guard_support.obj
 0002:00001c20       $unwind$__castguard_slow_path_check_debugbreak 0000000180009c20     MSVCRTD:guard_support.obj
 0002:00001c28       $unwind$__castguard_slow_path_check_fastfail 0000000180009c28     MSVCRTD:guard_support.obj
 0002:00001c30       $unwind$__castguard_slow_path_check_os_handled 0000000180009c30     MSVCRTD:guard_support.obj
 0002:00001c38       $unwind$__castguard_slow_path_check_user_handled 0000000180009c38     MSVCRTD:guard_support.obj
 0002:00001c40       $unwind$__security_init_cookie 0000000180009c40     MSVCRTD:gs_support.obj
 0002:00001c48       $unwind$__get_entropy      0000000180009c48     MSVCRTD:gs_support.obj
 0002:00001c50       $unwind$DllMain            0000000180009c50     MSVCRTD:dll_dllmain_stub.obj
 0002:00001c58       $unwind$__scrt_initialize_default_local_stdio_options 0000000180009c58     MSVCRTD:default_local_stdio_options.obj
 0002:00001c60       $unwind$atexit             0000000180009c60     MSVCRTD:utility.obj
 0002:00001c68       $unwind$_onexit            0000000180009c68     MSVCRTD:utility.obj
 0002:00001c70       $unwind$at_quick_exit      0000000180009c70     MSVCRTD:utility.obj
 0002:00001c78       $unwind$__scrt_is_nonwritable_in_current_image 0000000180009c78     MSVCRTD:utility.obj
 0002:00001c98       $unwind$__scrt_is_nonwritable_in_current_image$filt$0 0000000180009c98     MSVCRTD:utility.obj
 0002:00001ca0       $unwind$__scrt_acquire_startup_lock 0000000180009ca0     MSVCRTD:utility.obj
 0002:00001ca8       $unwind$__scrt_release_startup_lock 0000000180009ca8     MSVCRTD:utility.obj
 0002:00001cb0       $unwind$__scrt_initialize_crt 0000000180009cb0     MSVCRTD:utility.obj
 0002:00001cb8       $unwind$__scrt_uninitialize_crt 0000000180009cb8     MSVCRTD:utility.obj
 0002:00001cc0       $unwind$__scrt_initialize_onexit_tables 0000000180009cc0     MSVCRTD:utility.obj
 0002:00001ccc       $unwind$__scrt_dllmain_exception_filter 0000000180009ccc     MSVCRTD:utility.obj
 0002:00001cd4       $unwind$__scrt_dllmain_before_initialize_c 0000000180009cd4     MSVCRTD:utility.obj
 0002:00001cdc       $unwind$__scrt_dllmain_after_initialize_c 0000000180009cdc     MSVCRTD:utility.obj
 0002:00001ce4       $unwind$__scrt_dllmain_uninitialize_c 0000000180009ce4     MSVCRTD:utility.obj
 0002:00001cec       $unwind$__scrt_dllmain_uninitialize_critical 0000000180009cec     MSVCRTD:utility.obj
 0002:00001cf4       $unwind$__scrt_dllmain_crt_thread_attach 0000000180009cf4     MSVCRTD:utility.obj
 0002:00001cfc       $unwind$__scrt_dllmain_crt_thread_detach 0000000180009cfc     MSVCRTD:utility.obj
 0002:00001d04       $unwind$?configure_argv@__scrt_narrow_argv_policy@@SAHXZ 0000000180009d04     MSVCRTD:utility.obj
 0002:00001d0c       $unwind$?initialize_environment@__scrt_narrow_environment_policy@@SAHXZ 0000000180009d0c     MSVCRTD:utility.obj
 0002:00001d14       $unwind$?is_potentially_valid_image_base@@YA_NQEAX@Z 0000000180009d14     MSVCRTD:utility.obj
 0002:00001d1c       $unwind$?find_pe_section@@YAPEAU_IMAGE_SECTION_HEADER@@QEAE_K@Z 0000000180009d1c     MSVCRTD:utility.obj
 0002:00001d24       $unwind$__scrt_get_show_window_mode 0000000180009d24     MSVCRTD:utility_desktop.obj
 0002:00001d30       $unwind$__scrt_is_managed_app 0000000180009d30     MSVCRTD:utility_desktop.obj
 0002:00001d38       $unwind$__scrt_initialize_mta 0000000180009d38     MSVCRTD:utility_desktop.obj
 0002:00001d40       $unwind$__scrt_set_unhandled_exception_filter 0000000180009d40     MSVCRTD:utility_desktop.obj
 0002:00001d48       $unwind$__scrt_fastfail    0000000180009d48     MSVCRTD:utility_desktop.obj
 0002:00001d54       $unwind$__scrt_unhandled_exception_filter 0000000180009d54     MSVCRTD:utility_desktop.obj
 0002:00001d5c       $unwind$_RTC_Initialize    0000000180009d5c     MSVCRTD:initsect.obj
 0002:00001d68       $unwind$_RTC_Terminate     0000000180009d68     MSVCRTD:initsect.obj
 0002:00001d78       $xdatasym                  0000000180009d78     MSVCRTD:guard_dispatch.obj
 0002:00001d80       $xdatasym                  0000000180009d80     MSVCRTD:guard_xfg_dispatch.obj
 0002:00001d84       $unwind$_RTC_UninitUse     0000000180009d84     MSVCRTD:error.obj
 0002:00001d9c       $unwind$?_RTC_StackFailure@@YAXPEAXPEBD@Z 0000000180009d9c     MSVCRTD:error.obj
 0002:00001db8       $unwind$?_RTC_AllocaFailure@@YAXPEAXPEAU_RTC_ALLOCA_NODE@@H@Z 0000000180009db8     MSVCRTD:error.obj
 0002:00001dd0       $chain$0$?_RTC_AllocaFailure@@YAXPEAXPEAU_RTC_ALLOCA_NODE@@H@Z 0000000180009dd0     MSVCRTD:error.obj
 0002:00001de4       $chain$1$?_RTC_AllocaFailure@@YAXPEAXPEAU_RTC_ALLOCA_NODE@@H@Z 0000000180009de4     MSVCRTD:error.obj
 0002:00001df4       $unwind$_vsprintf_s_l      0000000180009df4     MSVCRTD:error.obj
 0002:00001e08       $unwind$sprintf_s          0000000180009e08     MSVCRTD:error.obj
 0002:00001e10       $unwind$?notify_debugger@@YAXAEBUtagEXCEPTION_VISUALCPP_DEBUG_INFO@@@Z 0000000180009e10     MSVCRTD:error.obj
 0002:00001e30       $unwind$?filt$0@?0??notify_debugger@@YAXAEBUtagEXCEPTION_VISUALCPP_DEBUG_INFO@@@Z@4HA 0000000180009e30     MSVCRTD:error.obj
 0002:00001e38       $unwind$?DebuggerProbe@@YA_NK@Z 0000000180009e38     MSVCRTD:error.obj
 0002:00001e40       $unwind$?DebuggerRuntime@@YA_NKHPEAXPEB_W@Z 0000000180009e40     MSVCRTD:error.obj
 0002:00001e48       $unwind$?failwithmessage@@YAXPEAXHHPEBD@Z 0000000180009e48     MSVCRTD:error.obj
 0002:00001e6c       $unwind$?_getMemBlockDataString@@YAXPEAD0PEBD_K@Z 0000000180009e6c     MSVCRTD:error.obj
 0002:00001e7c       $chain$3$?_getMemBlockDataString@@YAXPEAD0PEBD_K@Z 0000000180009e7c     MSVCRTD:error.obj
 0002:00001e9c       $chain$4$?_getMemBlockDataString@@YAXPEAD0PEBD_K@Z 0000000180009e9c     MSVCRTD:error.obj
 0002:00001eac       $unwind$__isa_available_init 0000000180009eac     MSVCRTD:cpu_disp.obj
 0002:00001ebc       $unwind$__scrt_is_ucrt_dll_in_use 0000000180009ebc     MSVCRTD:ucrt_detection.obj
 0002:00001ec4       $unwind$?_RTC_GetSrcLine@@YAHPEAEPEA_WKPEAH1K@Z 0000000180009ec4     MSVCRTD:pdblkup.obj
 0002:00001edc       $unwind$?GetPdbDllFromInstallPath@@YAPEAUHINSTANCE__@@XZ 0000000180009edc     MSVCRTD:pdblkup.obj
 0002:00001f00       $unwind$?GetPdbDllPathFromFilePath@@YAHPEB_WPEA_W_K@Z 0000000180009f00     MSVCRTD:pdblkup.obj
 0002:00001f18       $unwind$?GetPdbDll@@YAPEAUHINSTANCE__@@XZ 0000000180009f18     MSVCRTD:pdblkup.obj
 0002:00001f28       $unwind$__GSHandlerCheckCommon 0000000180009f28     MSVCRTD:gshandler.obj
 0002:00001f30       $unwind$__GSHandlerCheck   0000000180009f30     MSVCRTD:gshandler.obj
 0002:00001f38       $xdatasym                  0000000180009f38     MSVCRTD:amdsecgs.obj
 0002:00001f3c       $unwind$__report_securityfailure 0000000180009f3c     MSVCRTD:gs_report.obj
 0002:00001f44       $unwind$__report_securityfailureEx 0000000180009f44     MSVCRTD:gs_report.obj
 0002:00001f4c       $unwind$__report_rangecheckfailure 0000000180009f4c     MSVCRTD:gs_report.obj
 0002:00001f54       $unwind$__report_gsfailure 0000000180009f54     MSVCRTD:gs_report.obj
 0002:00001f5c       $unwind$capture_current_context 0000000180009f5c     MSVCRTD:gs_report.obj
 0002:00001f64       $unwind$capture_previous_context 0000000180009f64     MSVCRTD:gs_report.obj
 0002:00001f6c       $unwind$__raise_securityfailure 0000000180009f6c     MSVCRTD:gs_report.obj
 0002:00002560       .edata                     000000018000a560     PhysXCooking_64.exp
 0002:00002588       rgpv                       000000018000a588     PhysXCooking_64.exp
 0002:00002670       rgszName                   000000018000a670     PhysXCooking_64.exp
 0002:00002758       rgwOrd                     000000018000a758     PhysXCooking_64.exp
 0002:000027cc       szName                     000000018000a7cc     PhysXCooking_64.exp
 0002:000027e0       $N00001                    000000018000a7e0     PhysXCooking_64.exp
 0002:00002804       $N00002                    000000018000a804     PhysXCooking_64.exp
 0002:00002833       $N00003                    000000018000a833     PhysXCooking_64.exp
 0002:0000285a       $N00004                    000000018000a85a     PhysXCooking_64.exp
 0002:000028b1       $N00005                    000000018000a8b1     PhysXCooking_64.exp
 0002:000028dc       $N00006                    000000018000a8dc     PhysXCooking_64.exp
 0002:00002902       $N00007                    000000018000a902     PhysXCooking_64.exp
 0002:00002921       $N00008                    000000018000a921     PhysXCooking_64.exp
 0002:00002945       $N00009                    000000018000a945     PhysXCooking_64.exp
 0002:0000296c       $N00010                    000000018000a96c     PhysXCooking_64.exp
 0002:00002995       $N00011                    000000018000a995     PhysXCooking_64.exp
 0002:000029b4       $N00012                    000000018000a9b4     PhysXCooking_64.exp
 0002:000029e7       $N00013                    000000018000a9e7     PhysXCooking_64.exp
 0002:00002a1d       $N00014                    000000018000aa1d     PhysXCooking_64.exp
 0002:00002a55       $N00015                    000000018000aa55     PhysXCooking_64.exp
 0002:00002a87       $N00016                    000000018000aa87     PhysXCooking_64.exp
 0002:00002ab3       $N00017                    000000018000aab3     PhysXCooking_64.exp
 0002:00002acf       $N00018                    000000018000aacf     PhysXCooking_64.exp
 0002:00002af9       $N00019                    000000018000aaf9     PhysXCooking_64.exp
 0002:00002b35       $N00020                    000000018000ab35     PhysXCooking_64.exp
 0002:00002b70       $N00021                    000000018000ab70     PhysXCooking_64.exp
 0002:00002bab       $N00022                    000000018000abab     PhysXCooking_64.exp
 0002:00002be0       $N00023                    000000018000abe0     PhysXCooking_64.exp
 0002:00002c1c       $N00024                    000000018000ac1c     PhysXCooking_64.exp
 0002:00002c4f       $N00025                    000000018000ac4f     PhysXCooking_64.exp
 0002:00002c82       $N00026                    000000018000ac82     PhysXCooking_64.exp
 0002:00002cbc       $N00027                    000000018000acbc     PhysXCooking_64.exp
 0002:00002cf6       $N00028                    000000018000acf6     PhysXCooking_64.exp
 0002:00002d23       $N00029                    000000018000ad23     PhysXCooking_64.exp
 0002:00002d56       $N00030                    000000018000ad56     PhysXCooking_64.exp
 0002:00002d84       $N00031                    000000018000ad84     PhysXCooking_64.exp
 0002:00002db1       $N00032                    000000018000adb1     PhysXCooking_64.exp
 0002:00002ded       $N00033                    000000018000aded     PhysXCooking_64.exp
 0002:00002e2a       $N00034                    000000018000ae2a     PhysXCooking_64.exp
 0002:00002e5a       $N00035                    000000018000ae5a     PhysXCooking_64.exp
 0002:00002e71       $N00036                    000000018000ae71     PhysXCooking_64.exp
 0002:00002e8c       $N00037                    000000018000ae8c     PhysXCooking_64.exp
 0002:00002ea3       $N00038                    000000018000aea3     PhysXCooking_64.exp
 0002:00002eb9       $N00039                    000000018000aeb9     PhysXCooking_64.exp
 0002:00002ed0       $N00040                    000000018000aed0     PhysXCooking_64.exp
 0002:00002ee8       $N00041                    000000018000aee8     PhysXCooking_64.exp
 0002:00002ef2       $N00042                    000000018000aef2     PhysXCooking_64.exp
 0002:00002f03       $N00043                    000000018000af03     PhysXCooking_64.exp
 0002:00002f15       $N00044                    000000018000af15     PhysXCooking_64.exp
 0002:00002f28       $N00045                    000000018000af28     PhysXCooking_64.exp
 0002:00002f3e       $N00046                    000000018000af3e     PhysXCooking_64.exp
 0002:00002f51       $N00047                    000000018000af51     PhysXCooking_64.exp
 0002:00002f5d       $N00048                    000000018000af5d     PhysXCooking_64.exp
 0002:00002f71       $N00049                    000000018000af71     PhysXCooking_64.exp
 0002:00002f84       $N00050                    000000018000af84     PhysXCooking_64.exp
 0002:00002f98       $N00051                    000000018000af98     PhysXCooking_64.exp
 0002:00002fad       $N00052                    000000018000afad     PhysXCooking_64.exp
 0002:00002fc5       $N00053                    000000018000afc5     PhysXCooking_64.exp
 0002:00002fda       $N00054                    000000018000afda     PhysXCooking_64.exp
 0002:00002ff7       $N00055                    000000018000aff7     PhysXCooking_64.exp
 0002:00003018       $N00056                    000000018000b018     PhysXCooking_64.exp
 0002:00003037       $N00057                    000000018000b037     PhysXCooking_64.exp
 0002:0000304c       $N00058                    000000018000b04c     PhysXCooking_64.exp
 0002:000032e8       .idata$6                   000000018000b2e8     kernel32:KERNEL32.dll
 0002:00003408       .idata$6                   000000018000b408     vcruntimed:VCRUNTIME140D.dll
 0002:000035a4       .idata$6                   000000018000b5a4     ucrtd:ucrtbased.dll
 0003:00000270       ?maxV3Error@vecMathTests@aos@physx@@3T__m128@@B 000000018000c270     Cooking.obj
 0003:00000280       ?minFError@vecMathTests@aos@physx@@3T__m128@@B 000000018000c280     Cooking.obj
 0003:00000290       ?maxV4Error@vecMathTests@aos@physx@@3T__m128@@B 000000018000c290     Cooking.obj
 0003:000002a0       ?minV4Error@vecMathTests@aos@physx@@3T__m128@@B 000000018000c2a0     Cooking.obj
 0003:000002b0       ?minV3Error@vecMathTests@aos@physx@@3T__m128@@B 000000018000c2b0     Cooking.obj
 0003:000002c0       ?maxFError@vecMathTests@aos@physx@@3T__m128@@B 000000018000c2c0     Cooking.obj
 0003:000002d8       ?gCookingDelayLoadHook@@3PEBVPxDelayLoadHook@physx@@EB 000000018000c2d8     WindowsCookingDelayLoadHook.obj
 0003:0000031c       ?init@?1??_RTC_InitBase@@9@4_NA 000000018000c31c     MSVCRTD:init.obj
 0003:00000330       ?__proc_attached@@3HA      000000018000c330     MSVCRTD:dll_dllmain.obj
 0003:00000340       ?_RTC_ErrorReportFunc@@3P6AHHPEBDH00ZZEA 000000018000c340     MSVCRTD:userapi.obj
 0003:00000348       ?_RTC_ErrorReportFuncW@@3P6AHHPEB_WH00ZZEA 000000018000c348     MSVCRTD:userapi.obj
 0003:00000370       ?is_initialized_as_dll@@3_NA 000000018000c370     MSVCRTD:utility.obj
 0003:00000371       ?module_local_atexit_table_initialized@@3_NA 000000018000c371     MSVCRTD:utility.obj
 0003:00000378       ?module_local_atexit_table@@3U_onexit_table_t@@A 000000018000c378     MSVCRTD:utility.obj
 0003:00000390       ?module_local_at_quick_exit_table@@3U_onexit_table_t@@A 000000018000c390     MSVCRTD:utility.obj
 0003:000003b8       ?mspdb@@3PEAUHINSTANCE__@@EA 000000018000c3b8     MSVCRTD:pdblkup.obj
 0003:000003c0       ?alreadyTried@?1??GetPdbDll@@YAPEAUHINSTANCE__@@XZ@4_NA 000000018000c3c0     MSVCRTD:pdblkup.obj
 0003:000003c1       ?PDBOK@?1??_RTC_GetSrcLine@@YAHPEAEPEA_WKPEAH1K@Z@4_NA 000000018000c3c1     MSVCRTD:pdblkup.obj
 0003:000003d0       GS_ExceptionRecord         000000018000c3d0     MSVCRTD:gs_report.obj
 0003:00000470       GS_ContextRecord           000000018000c470     MSVCRTD:gs_report.obj
 0005:000000a0       $R000000                   000000018000e0a0     PhysXCooking.res
 0005:000003d0       $R000330                   000000018000e3d0     PhysXCooking.res
